Archive member included to satisfy reference by file (symbol)

C:/ST/STM32CubeIDE_1.19.0/STM32CubeIDE/plugins/com.st.stm32cube.ide.mcu.externaltools.gnu-tools-for-stm32.13.3.rel1.win32_1.0.0.202411081344/tools/bin/../lib/gcc/arm-none-eabi/13.3.1/../../../../arm-none-eabi/lib/thumb/v7e-m+fp/hard\libstdc++_nano.a(del_ops.o)
                              ./Core/Src/main.o (operator delete(void*, unsigned int))
C:/ST/STM32CubeIDE_1.19.0/STM32CubeIDE/plugins/com.st.stm32cube.ide.mcu.externaltools.gnu-tools-for-stm32.13.3.rel1.win32_1.0.0.202411081344/tools/bin/../lib/gcc/arm-none-eabi/13.3.1/../../../../arm-none-eabi/lib/thumb/v7e-m+fp/hard\libstdc++_nano.a(guard.o)
                              ./Core/Src/StepperTimerManager.o (__cxa_guard_acquire)
C:/ST/STM32CubeIDE_1.19.0/STM32CubeIDE/plugins/com.st.stm32cube.ide.mcu.externaltools.gnu-tools-for-stm32.13.3.rel1.win32_1.0.0.202411081344/tools/bin/../lib/gcc/arm-none-eabi/13.3.1/../../../../arm-none-eabi/lib/thumb/v7e-m+fp/hard\libstdc++_nano.a(new_op.o)
                              ./Core/Src/main.o (operator new(unsigned int))
C:/ST/STM32CubeIDE_1.19.0/STM32CubeIDE/plugins/com.st.stm32cube.ide.mcu.externaltools.gnu-tools-for-stm32.13.3.rel1.win32_1.0.0.202411081344/tools/bin/../lib/gcc/arm-none-eabi/13.3.1/../../../../arm-none-eabi/lib/thumb/v7e-m+fp/hard\libstdc++_nano.a(functexcept.o)
                              ./Core/Src/main.o (std::__throw_bad_alloc())
C:/ST/STM32CubeIDE_1.19.0/STM32CubeIDE/plugins/com.st.stm32cube.ide.mcu.externaltools.gnu-tools-for-stm32.13.3.rel1.win32_1.0.0.202411081344/tools/bin/../lib/gcc/arm-none-eabi/13.3.1/../../../../arm-none-eabi/lib/thumb/v7e-m+fp/hard\libstdc++_nano.a(functional.o)
                              ./Core/Src/main.o (std::__throw_bad_function_call())
C:/ST/STM32CubeIDE_1.19.0/STM32CubeIDE/plugins/com.st.stm32cube.ide.mcu.externaltools.gnu-tools-for-stm32.13.3.rel1.win32_1.0.0.202411081344/tools/bin/../lib/gcc/arm-none-eabi/13.3.1/../../../../arm-none-eabi/lib/thumb/v7e-m+fp/hard\libstdc++_nano.a(del_op.o)
                              C:/ST/STM32CubeIDE_1.19.0/STM32CubeIDE/plugins/com.st.stm32cube.ide.mcu.externaltools.gnu-tools-for-stm32.13.3.rel1.win32_1.0.0.202411081344/tools/bin/../lib/gcc/arm-none-eabi/13.3.1/../../../../arm-none-eabi/lib/thumb/v7e-m+fp/hard\libstdc++_nano.a(del_ops.o) (operator delete(void*))
C:/ST/STM32CubeIDE_1.19.0/STM32CubeIDE/plugins/com.st.stm32cube.ide.mcu.externaltools.gnu-tools-for-stm32.13.3.rel1.win32_1.0.0.202411081344/tools/bin/../lib/gcc/arm-none-eabi/13.3.1/../../../../arm-none-eabi/lib/thumb/v7e-m+fp/hard\libstdc++_nano.a(eh_exception.o)
                              C:/ST/STM32CubeIDE_1.19.0/STM32CubeIDE/plugins/com.st.stm32cube.ide.mcu.externaltools.gnu-tools-for-stm32.13.3.rel1.win32_1.0.0.202411081344/tools/bin/../lib/gcc/arm-none-eabi/13.3.1/../../../../arm-none-eabi/lib/thumb/v7e-m+fp/hard\libstdc++_nano.a(functional.o) (std::exception::~exception())
C:/ST/STM32CubeIDE_1.19.0/STM32CubeIDE/plugins/com.st.stm32cube.ide.mcu.externaltools.gnu-tools-for-stm32.13.3.rel1.win32_1.0.0.202411081344/tools/bin/../lib/gcc/arm-none-eabi/13.3.1/../../../../arm-none-eabi/lib/thumb/v7e-m+fp/hard\libstdc++_nano.a(new_handler.o)
                              C:/ST/STM32CubeIDE_1.19.0/STM32CubeIDE/plugins/com.st.stm32cube.ide.mcu.externaltools.gnu-tools-for-stm32.13.3.rel1.win32_1.0.0.202411081344/tools/bin/../lib/gcc/arm-none-eabi/13.3.1/../../../../arm-none-eabi/lib/thumb/v7e-m+fp/hard\libstdc++_nano.a(new_op.o) (std::get_new_handler())
C:/ST/STM32CubeIDE_1.19.0/STM32CubeIDE/plugins/com.st.stm32cube.ide.mcu.externaltools.gnu-tools-for-stm32.13.3.rel1.win32_1.0.0.202411081344/tools/bin/../lib/gcc/arm-none-eabi/13.3.1/../../../../arm-none-eabi/lib/thumb/v7e-m+fp/hard\libstdc++_nano.a(si_class_type_info.o)
                              C:/ST/STM32CubeIDE_1.19.0/STM32CubeIDE/plugins/com.st.stm32cube.ide.mcu.externaltools.gnu-tools-for-stm32.13.3.rel1.win32_1.0.0.202411081344/tools/bin/../lib/gcc/arm-none-eabi/13.3.1/../../../../arm-none-eabi/lib/thumb/v7e-m+fp/hard\libstdc++_nano.a(functional.o) (vtable for __cxxabiv1::__si_class_type_info)
C:/ST/STM32CubeIDE_1.19.0/STM32CubeIDE/plugins/com.st.stm32cube.ide.mcu.externaltools.gnu-tools-for-stm32.13.3.rel1.win32_1.0.0.202411081344/tools/bin/../lib/gcc/arm-none-eabi/13.3.1/../../../../arm-none-eabi/lib/thumb/v7e-m+fp/hard\libstdc++_nano.a(tinfo.o)
                              C:/ST/STM32CubeIDE_1.19.0/STM32CubeIDE/plugins/com.st.stm32cube.ide.mcu.externaltools.gnu-tools-for-stm32.13.3.rel1.win32_1.0.0.202411081344/tools/bin/../lib/gcc/arm-none-eabi/13.3.1/../../../../arm-none-eabi/lib/thumb/v7e-m+fp/hard\libstdc++_nano.a(si_class_type_info.o) (std::type_info::__is_pointer_p() const)
[...]
Memory Configuration

Name             Origin             Length             Attributes
CCMRAM           0x10000000         0x00001000         xrw
RAM              0x20000000         0x00003000         xrw
FLASH            0x08000000         0x00010000         xr
*default*        0x00000000         0xffffffff

Linker script and memory map

LOAD C:/ST/STM32CubeIDE_1.19.0/STM32CubeIDE/plugins/com.st.stm32cube.ide.mcu.externaltools.gnu-tools-for-stm32.13.3.rel1.win32_1.0.0.202411081344/tools/bin/../lib/gcc/arm-none-eabi/13.3.1/thumb/v7e-m+fp/hard/crti.o
LOAD C:/ST/STM32CubeIDE_1.19.0/STM32CubeIDE/plugins/com.st.stm32cube.ide.mcu.externaltools.gnu-tools-for-stm32.13.3.rel1.win32_1.0.0.202411081344/tools/bin/../lib/gcc/arm-none-eabi/13.3.1/thumb/v7e-m+fp/hard/crtbegin.o
LOAD C:/ST/STM32CubeIDE_1.19.0/STM32CubeIDE/plugins/com.st.stm32cube.ide.mcu.externaltools.gnu-tools-for-stm32.13.3.rel1.win32_1.0.0.202411081344/tools/bin/../lib/gcc/arm-none-eabi/13.3.1/../../../../arm-none-eabi/lib/thumb/v7e-m+fp/hard/crt0.o
LOAD ./Core/Src/CommandHandler.o
LOAD ./Core/Src/StepperMotorDriver.o
LOAD ./Core/Src/StepperTimerManager.o
LOAD ./Core/Src/main.o
LOAD ./Core/Src/stm32f3xx_hal_msp.o
LOAD ./Core/Src/stm32f3xx_it.o
LOAD ./Core/Src/syscalls.o
LOAD ./Core/Src/sysmem.o
LOAD ./Core/Src/system_stm32f3xx.o
LOAD ./Core/Startup/startup_stm32f334r8tx.o
LOAD ./Drivers/STM32F3xx_HAL_Driver/Src/stm32f3xx_hal.o
LOAD ./Drivers/STM32F3xx_HAL_Driver/Src/stm32f3xx_hal_cortex.o
LOAD ./Drivers/STM32F3xx_HAL_Driver/Src/stm32f3xx_hal_dma.o
LOAD ./Drivers/STM32F3xx_HAL_Driver/Src/stm32f3xx_hal_exti.o
LOAD ./Drivers/STM32F3xx_HAL_Driver/Src/stm32f3xx_hal_flash.o
LOAD ./Drivers/STM32F3xx_HAL_Driver/Src/stm32f3xx_hal_flash_ex.o
LOAD ./Drivers/STM32F3xx_HAL_Driver/Src/stm32f3xx_hal_gpio.o
LOAD ./Drivers/STM32F3xx_HAL_Driver/Src/stm32f3xx_hal_i2c.o
LOAD ./Drivers/STM32F3xx_HAL_Driver/Src/stm32f3xx_hal_i2c_ex.o
LOAD ./Drivers/STM32F3xx_HAL_Driver/Src/stm32f3xx_hal_pwr.o
LOAD ./Drivers/STM32F3xx_HAL_Driver/Src/stm32f3xx_hal_pwr_ex.o
LOAD ./Drivers/STM32F3xx_HAL_Driver/Src/stm32f3xx_hal_rcc.o
LOAD ./Drivers/STM32F3xx_HAL_Driver/Src/stm32f3xx_hal_rcc_ex.o
LOAD ./Drivers/STM32F3xx_HAL_Driver/Src/stm32f3xx_hal_tim.o
LOAD ./Drivers/STM32F3xx_HAL_Driver/Src/stm32f3xx_hal_tim_ex.o
LOAD ./Drivers/STM32F3xx_HAL_Driver/Src/stm32f3xx_hal_uart.o
LOAD ./Drivers/STM32F3xx_HAL_Driver/Src/stm32f3xx_hal_uart_ex.o
START GROUP
LOAD C:/ST/STM32CubeIDE_1.19.0/STM32CubeIDE/plugins/com.st.stm32cube.ide.mcu.externaltools.gnu-tools-for-stm32.13.3.rel1.win32_1.0.0.202411081344/tools/bin/../lib/gcc/arm-none-eabi/13.3.1/../../../../arm-none-eabi/lib/thumb/v7e-m+fp/hard\libstdc++_nano.a
LOAD C:/ST/STM32CubeIDE_1.19.0/STM32CubeIDE/plugins/com.st.stm32cube.ide.mcu.externaltools.gnu-tools-for-stm32.13.3.rel1.win32_1.0.0.202411081344/tools/bin/../lib/gcc/arm-none-eabi/13.3.1/../../../../arm-none-eabi/lib/thumb/v7e-m+fp/hard\libsupc++_nano.a
END GROUP
LOAD C:/ST/STM32CubeIDE_1.19.0/STM32CubeIDE/plugins/com.st.stm32cube.ide.mcu.externaltools.gnu-tools-for-stm32.13.3.rel1.win32_1.0.0.202411081344/tools/bin/../lib/gcc/arm-none-eabi/13.3.1/../../../../arm-none-eabi/lib/thumb/v7e-m+fp/hard\libstdc++_nano.a
LOAD C:/ST/STM32CubeIDE_1.19.0/STM32CubeIDE/plugins/com.st.stm32cube.ide.mcu.externaltools.gnu-tools-for-stm32.13.3.rel1.win32_1.0.0.202411081344/tools/bin/../lib/gcc/arm-none-eabi/13.3.1/../../../../arm-none-eabi/lib/thumb/v7e-m+fp/hard\libm.a
LOAD C:/ST/STM32CubeIDE_1.19.0/STM32CubeIDE/plugins/com.st.stm32cube.ide.mcu.externaltools.gnu-tools-for-stm32.13.3.rel1.win32_1.0.0.202411081344/tools/bin/../lib/gcc/arm-none-eabi/13.3.1/../../../../arm-none-eabi/lib/thumb/v7e-m+fp/hard\libc_nano.a
START GROUP
LOAD C:/ST/STM32CubeIDE_1.19.0/STM32CubeIDE/plugins/com.st.stm32cube.ide.mcu.externaltools.gnu-tools-for-stm32.13.3.rel1.win32_1.0.0.202411081344/tools/bin/../lib/gcc/arm-none-eabi/13.3.1/thumb/v7e-m+fp/hard\libgcc.a
LOAD C:/ST/STM32CubeIDE_1.19.0/STM32CubeIDE/plugins/com.st.stm32cube.ide.mcu.externaltools.gnu-tools-for-stm32.13.3.rel1.win32_1.0.0.202411081344/tools/bin/../lib/gcc/arm-none-eabi/13.3.1/../../../../arm-none-eabi/lib/thumb/v7e-m+fp/hard\libc_nano.a
END GROUP
START GROUP
LOAD C:/ST/STM32CubeIDE_1.19.0/STM32CubeIDE/plugins/com.st.stm32cube.ide.mcu.externaltools.gnu-tools-for-stm32.13.3.rel1.win32_1.0.0.202411081344/tools/bin/../lib/gcc/arm-none-eabi/13.3.1/thumb/v7e-m+fp/hard\libgcc.a
LOAD C:/ST/STM32CubeIDE_1.19.0/STM32CubeIDE/plugins/com.st.stm32cube.ide.mcu.externaltools.gnu-tools-for-stm32.13.3.rel1.win32_1.0.0.202411081344/tools/bin/../lib/gcc/arm-none-eabi/13.3.1/../../../../arm-none-eabi/lib/thumb/v7e-m+fp/hard\libc_nano.a
LOAD C:/ST/STM32CubeIDE_1.19.0/STM32CubeIDE/plugins/com.st.stm32cube.ide.mcu.externaltools.gnu-tools-for-stm32.13.3.rel1.win32_1.0.0.202411081344/tools/bin/../lib/gcc/arm-none-eabi/13.3.1/../../../../arm-none-eabi/lib/thumb/v7e-m+fp/hard\libnosys.a
END GROUP
START GROUP
LOAD C:/ST/STM32CubeIDE_1.19.0/STM32CubeIDE/plugins/com.st.stm32cube.ide.mcu.externaltools.gnu-tools-for-stm32.13.3.rel1.win32_1.0.0.202411081344/tools/bin/../lib/gcc/arm-none-eabi/13.3.1/thumb/v7e-m+fp/hard\libgcc.a
LOAD C:/ST/STM32CubeIDE_1.19.0/STM32CubeIDE/plugins/com.st.stm32cube.ide.mcu.externaltools.gnu-tools-for-stm32.13.3.rel1.win32_1.0.0.202411081344/tools/bin/../lib/gcc/arm-none-eabi/13.3.1/../../../../arm-none-eabi/lib/thumb/v7e-m+fp/hard\libc_nano.a
LOAD C:/ST/STM32CubeIDE_1.19.0/STM32CubeIDE/plugins/com.st.stm32cube.ide.mcu.externaltools.gnu-tools-for-stm32.13.3.rel1.win32_1.0.0.202411081344/tools/bin/../lib/gcc/arm-none-eabi/13.3.1/../../../../arm-none-eabi/lib/thumb/v7e-m+fp/hard\libnosys.a
END GROUP
LOAD C:/ST/STM32CubeIDE_1.19.0/STM32CubeIDE/plugins/com.st.stm32cube.ide.mcu.externaltools.gnu-tools-for-stm32.13.3.rel1.win32_1.0.0.202411081344/tools/bin/../lib/gcc/arm-none-eabi/13.3.1/thumb/v7e-m+fp/hard/crtend.o
LOAD C:/ST/STM32CubeIDE_1.19.0/STM32CubeIDE/plugins/com.st.stm32cube.ide.mcu.externaltools.gnu-tools-for-stm32.13.3.rel1.win32_1.0.0.202411081344/tools/bin/../lib/gcc/arm-none-eabi/13.3.1/thumb/v7e-m+fp/hard/crtn.o
                0x20003000                        _estack = (ORIGIN (RAM) + LENGTH (RAM))
                0x00000200                        _Min_Heap_Size = 0x200
                0x00000400                        _Min_Stack_Size = 0x400

.isr_vector     0x08000000      0x188
                0x08000000                        . = ALIGN (0x4)
 *(.isr_vector)
 .isr_vector    0x08000000      0x188 ./Core/Startup/startup_stm32f334r8tx.o
                0x08000000                g_pfnVectors
                0x08000188                        . = ALIGN (0x4)

.text           0x08000190     0x6704
                0x08000190                        . = ALIGN (0x4)
 *(.text)
 .text          0x08000190       0x40 C:/ST/STM32CubeIDE_1.19.0/STM32CubeIDE/plugins/com.st.stm32cube.ide.mcu.externaltools.gnu-tools-for-stm32.13.3.rel1.win32_1.0.0.202411081344/tools/bin/../lib/gcc/arm-none-eabi/13.3.1/thumb/v7e-m+fp/hard/crtbegin.o
 .text          0x080001d0       0x10 C:/ST/STM32CubeIDE_1.19.0/STM32CubeIDE/plugins/com.st.stm32cube.ide.mcu.externaltools.gnu-tools-for-stm32.13.3.rel1.win32_1.0.0.202411081344/tools/bin/../lib/gcc/arm-none-eabi/13.3.1/../../../../arm-none-eabi/lib/thumb/v7e-m+fp/hard\libc_nano.a(libc_a-strlen.o)
                0x080001d0                strlen
 .text          0x080001e0       0xa0 C:/ST/STM32CubeIDE_1.19.0/STM32CubeIDE/plugins/com.st.stm32cube.ide.mcu.externaltools.gnu-tools-for-stm32.13.3.rel1.win32_1.0.0.202411081344/tools/bin/../lib/gcc/arm-none-eabi/13.3.1/../../../../arm-none-eabi/lib/thumb/v7e-m+fp/hard\libc_nano.a(libc_a-memchr.o)
                0x080001e0                memchr
 *(.text*)
 .text._ZN18CommandInterpreterC2Ev
                0x08000280       0x6c ./Core/Src/CommandHandler.o
                0x08000280                CommandInterpreter::CommandInterpreter()
                0x08000280                CommandInterpreter::CommandInterpreter()
 .text._ZN18CommandInterpreter13setG0CallbackEPFvffffE
                0x080002ec       0x1e ./Core/Src/CommandHandler.o
                0x080002ec                CommandInterpreter::setG0Callback(void (*)(float, float, float, float))
 .text._ZN18CommandInterpreter13setG1CallbackEPFvfffE
                0x0800030a       0x1e ./Core/Src/CommandHandler.o
                0x0800030a                CommandInterpreter::setG1Callback(void (*)(float, float, float))
 .text._ZN18CommandInterpreter13setG2CallbackEPFvvE
                0x08000328       0x1e ./Core/Src/CommandHandler.o
                0x08000328                CommandInterpreter::setG2Callback(void (*)())
 .text._ZN18CommandInterpreter15setM114CallbackEPFvvE
                0x08000346       0x1e ./Core/Src/CommandHandler.o
                0x08000346                CommandInterpreter::setM114Callback(void (*)())
 .text._ZN18CommandInterpreter7addCharEc
                0x08000364       0x80 ./Core/Src/CommandHandler.o
                0x08000364                CommandInterpreter::addChar(char)
 .text._ZN18CommandInterpreter7isDigitEc
                0x080003e4       0x2a ./Core/Src/CommandHandler.o
                0x080003e4                CommandInterpreter::isDigit(char)
 .text._ZN18CommandInterpreter12parseCommandEPKcR7Command
                0x0800040e      0x104 ./Core/Src/CommandHandler.o
                0x0800040e                CommandInterpreter::parseCommand(char const*, Command&)
 *fill*         0x08000512        0x2 
 .text._ZN18CommandInterpreter10parseFloatEPKcRf
                0x08000514      0x11c ./Core/Src/CommandHandler.o
                0x08000514                CommandInterpreter::parseFloat(char const*, float&)
 .text._ZN18CommandInterpreter14processCommandEv
                0x08000630      0x29c ./Core/Src/CommandHandler.o
                0x08000630                CommandInterpreter::processCommand()
 .text._ZNK18StepperMotorDriver9MmToStepsEf
                0x080008cc       0x28 ./Core/Src/StepperMotorDriver.o
                0x080008cc                StepperMotorDriver::MmToSteps(float) const
 .text._ZN18StepperMotorDriverC2EP12GPIO_TypeDeftS1_tS1_tff
                0x080008f4      0x148 ./Core/Src/StepperMotorDriver.o
                0x080008f4                StepperMotorDriver::StepperMotorDriver(GPIO_TypeDef*, unsigned short, GPIO_TypeDef*, unsigned short, GPIO_TypeDef*, unsigned short, float, float)
                0x080008f4                StepperMotorDriver::StepperMotorDriver(GPIO_TypeDef*, unsigned short, GPIO_TypeDef*, unsigned short, GPIO_TypeDef*, unsigned short, float, float)
 .text._ZN18StepperMotorDriver4InitEv
                0x08000a3c       0x40 ./Core/Src/StepperMotorDriver.o
                0x08000a3c                StepperMotorDriver::Init()
 .text._ZN18StepperMotorDriver12SetDirectionEb
                0x08000a7c       0x34 ./Core/Src/StepperMotorDriver.o
                0x08000a7c                StepperMotorDriver::SetDirection(bool)
 .text._ZN18StepperMotorDriver11SetMaxSpeedEf
                0x08000ab0       0x1e ./Core/Src/StepperMotorDriver.o
                0x08000ab0                StepperMotorDriver::SetMaxSpeed(float)
 .text._ZN18StepperMotorDriver15SetAccelerationEf
                0x08000ace       0x1e ./Core/Src/StepperMotorDriver.o
                0x08000ace                StepperMotorDriver::SetAcceleration(float)
 .text._ZN18StepperMotorDriver7SetJerkEf
                0x08000aec       0x1e ./Core/Src/StepperMotorDriver.o
                0x08000aec                StepperMotorDriver::SetJerk(float)
 .text._ZN18StepperMotorDriver17UpdateEndswitchesEv
                0x08000b0a       0xbc ./Core/Src/StepperMotorDriver.o
                0x08000b0a                StepperMotorDriver::UpdateEndswitches()
 .text._ZN18StepperMotorDriver20CheckLoadedConditionEv
                0x08000bc6       0x86 ./Core/Src/StepperMotorDriver.o
                0x08000bc6                StepperMotorDriver::CheckLoadedCondition()
 .text._ZN18StepperMotorDriver8StartAbsEf
                0x08000c4c       0x82 ./Core/Src/StepperMotorDriver.o
                0x08000c4c                StepperMotorDriver::StartAbs(float)
 .text._ZN18StepperMotorDriver8StartRelEf
                0x08000cce       0x98 ./Core/Src/StepperMotorDriver.o
                0x08000cce                StepperMotorDriver::StartRel(float)
 .text._ZN18StepperMotorDriver11StartMotionEf
                0x08000d66       0x7c ./Core/Src/StepperMotorDriver.o
                0x08000d66                StepperMotorDriver::StartMotion(float)
 .text._ZN18StepperMotorDriver4StopEv
                0x08000de2       0x3a ./Core/Src/StepperMotorDriver.o
                0x08000de2                StepperMotorDriver::Stop()
 .text._ZN18StepperMotorDriver12EnableOutputEb
                0x08000e1c       0x2e ./Core/Src/StepperMotorDriver.o
                0x08000e1c                StepperMotorDriver::EnableOutput(bool)
 .text._ZN18StepperMotorDriver9StepPulseEv
                0x08000e4a       0x4e ./Core/Src/StepperMotorDriver.o
                0x08000e4a                StepperMotorDriver::StepPulse()
 .text._ZN18StepperMotorDriver19UpdateMotionProfileEv
                0x08000e98      0x418 ./Core/Src/StepperMotorDriver.o
                0x08000e98                StepperMotorDriver::UpdateMotionProfile()
 .text._ZN18StepperMotorDriver11OnTimerTickEv
                0x080012b0       0xc8 ./Core/Src/StepperMotorDriver.o
                0x080012b0                StepperMotorDriver::OnTimerTick()
 .text._ZN19StepperTimerManagerC2Ev
                0x08001378       0x3a ./Core/Src/StepperTimerManager.o
                0x08001378                StepperTimerManager::StepperTimerManager()
                0x08001378                StepperTimerManager::StepperTimerManager()
 *fill*         0x080013b2        0x2 
 .text._ZN19StepperTimerManager8InstanceEv
                0x080013b4       0x50 ./Core/Src/StepperTimerManager.o
                0x080013b4                StepperTimerManager::Instance()
 .text._ZN19StepperTimerManager15RegisterStepperEP18StepperMotorDriver
                0x08001404       0x3a ./Core/Src/StepperTimerManager.o
                0x08001404                StepperTimerManager::RegisterStepper(StepperMotorDriver*)
 .text._ZN19StepperTimerManager11OnTimerTickEv
                0x0800143e       0x3a ./Core/Src/StepperTimerManager.o
                0x0800143e                StepperTimerManager::OnTimerTick()
 .text._ZNK18StepperMotorDriver20GetCurrentPositionMmEv
                0x08001478       0x2a ./Core/Src/main.o
                0x08001478                StepperMotorDriver::GetCurrentPositionMm() const
 .text._ZnwjPv  0x080014a2       0x18 ./Core/Src/main.o
                0x080014a2                operator new(unsigned int, void*)
 .text._ZNSt9_Any_data9_M_accessEv
                0x080014ba       0x16 ./Core/Src/main.o
                0x080014ba                std::_Any_data::_M_access()
 .text._ZNKSt9_Any_data9_M_accessEv
                0x080014d0       0x16 ./Core/Src/main.o
                0x080014d0                std::_Any_data::_M_access() const
 .text._ZNSt14_Function_baseD2Ev
                0x080014e6       0x26 ./Core/Src/main.o
                0x080014e6                std::_Function_base::~_Function_base()
                0x080014e6                std::_Function_base::~_Function_base()
 .text._ZNKSt14_Function_base8_M_emptyEv
                0x0800150c       0x22 ./Core/Src/main.o
                0x0800150c                std::_Function_base::_M_empty() const
 .text._ZN5Timer5startEv
                0x0800152e       0x20 ./Core/Src/main.o
                0x0800152e                Timer::start()
 .text._ZNSt12_Vector_baseIP5TimerSaIS1_EE12_Vector_implD2Ev
                0x0800154e       0x1c ./Core/Src/main.o
                0x0800154e                std::_Vector_base<Timer*, std::allocator<Timer*> >::_Vector_impl::~_Vector_impl()
                0x0800154e                std::_Vector_base<Timer*, std::allocator<Timer*> >::_Vector_impl::~_Vector_impl()
 .text._ZNSt12_Vector_baseIP5TimerSaIS1_EEC2Ev
                0x0800156a       0x1a ./Core/Src/main.o
                0x0800156a                std::_Vector_base<Timer*, std::allocator<Timer*> >::_Vector_base()
                0x0800156a                std::_Vector_base<Timer*, std::allocator<Timer*> >::_Vector_base()
 .text._ZNSt6vectorIP5TimerSaIS1_EEC2Ev
                0x08001584       0x1a ./Core/Src/main.o
                0x08001584                std::vector<Timer*, std::allocator<Timer*> >::vector()
                0x08001584                std::vector<Timer*, std::allocator<Timer*> >::vector()
 .text._ZN12TimerManagerC2Ev
                0x0800159e       0x1a ./Core/Src/main.o
                0x0800159e                TimerManager::TimerManager()
                0x0800159e                TimerManager::TimerManager()
 .text._ZN12TimerManagerD2Ev
                0x080015b8       0x1a ./Core/Src/main.o
                0x080015b8                TimerManager::~TimerManager()
                0x080015b8                TimerManager::~TimerManager()
 *fill*         0x080015d2        0x2 
 .text.__tcf_0  0x080015d4       0x10 ./Core/Src/main.o
 .text._ZN12TimerManager11getInstanceEv
                0x080015e4       0x58 ./Core/Src/main.o
                0x080015e4                TimerManager::getInstance()
 .text._ZN12TimerManager9updateAllEv
                0x0800163c       0x68 ./Core/Src/main.o
                0x0800163c                TimerManager::updateAll()
 .text._ZN12TimerManager13registerTimerEP5Timer
                0x080016a4       0x24 ./Core/Src/main.o
                0x080016a4                TimerManager::registerTimer(Timer*)
 .text._ZNSt8functionIFvvEED2Ev
                0x080016c8       0x1a ./Core/Src/main.o
                0x080016c8                std::function<void ()>::~function()
                0x080016c8                std::function<void ()>::~function()
 .text._ZN5TimerC2EmSt8functionIFvvEEbbb
                0x080016e2       0x68 ./Core/Src/main.o
                0x080016e2                Timer::Timer(unsigned long, std::function<void ()>, bool, bool, bool)
                0x080016e2                Timer::Timer(unsigned long, std::function<void ()>, bool, bool, bool)
 .text._ZN5Timer6updateEv
                0x0800174a       0x68 ./Core/Src/main.o
                0x0800174a                Timer::update()
 *fill*         0x080017b2        0x2 
 .text.HAL_TIM_PeriodElapsedCallback
                0x080017b4       0x48 ./Core/Src/main.o
                0x080017b4                HAL_TIM_PeriodElapsedCallback
 .text._Z12InitSteppersv
                0x080017fc       0x7c ./Core/Src/main.o
                0x080017fc                InitSteppers()
 .text._Z14timer1Callbackv
                0x08001878        0xe ./Core/Src/main.o
                0x08001878                timer1Callback()
 *fill*         0x08001886        0x2 
 .text._Z9g0Handlerffff
                0x08001888       0x74 ./Core/Src/main.o
                0x08001888                g0Handler(float, float, float, float)
 .text._Z9g1Handlerfff
                0x080018fc       0x44 ./Core/Src/main.o
                0x080018fc                g1Handler(float, float, float)
 .text._Z9g2Handlerv
                0x08001940       0x28 ./Core/Src/main.o
                0x08001940                g2Handler()
 .text._Z11m114Handlerv
                0x08001968       0x88 ./Core/Src/main.o
                0x08001968                m114Handler()
 .text.main     0x080019f0       0xe4 ./Core/Src/main.o
                0x080019f0                main
 .text._Z18SystemClock_Configv
                0x08001ad4       0x9e ./Core/Src/main.o
                0x08001ad4                SystemClock_Config()
 *fill*         0x08001b72        0x2 
 .text._ZL12MX_TIM2_Initv
                0x08001b74       0xb8 ./Core/Src/main.o
 .text._ZL12MX_TIM3_Initv
                0x08001c2c       0xbc ./Core/Src/main.o
 .text._ZL19MX_USART2_UART_Initv
                0x08001ce8       0x68 ./Core/Src/main.o
 .text._ZL12MX_GPIO_Initv
                0x08001d50       0xf8 ./Core/Src/main.o
 .text.Error_Handler
                0x08001e48        0xc ./Core/Src/main.o
                0x08001e48                Error_Handler
 .text._ZNKSt8functionIFvvEEcvbEv
                0x08001e54       0x20 ./Core/Src/main.o
                0x08001e54                std::function<void ()>::operator bool() const
 .text._ZNSt12_Vector_baseIP5TimerSaIS1_EE12_Vector_implC2Ev
                0x08001e74       0x22 ./Core/Src/main.o
                0x08001e74                std::_Vector_base<Timer*, std::allocator<Timer*> >::_Vector_impl::_Vector_impl()
                0x08001e74                std::_Vector_base<Timer*, std::allocator<Timer*> >::_Vector_impl::_Vector_impl()
 .text._ZNSt12_Vector_baseIP5TimerSaIS1_EED2Ev
                0x08001e96       0x32 ./Core/Src/main.o
                0x08001e96                std::_Vector_base<Timer*, std::allocator<Timer*> >::~_Vector_base()
                0x08001e96                std::_Vector_base<Timer*, std::allocator<Timer*> >::~_Vector_base()
 .text._ZNSt6vectorIP5TimerSaIS1_EED2Ev
                0x08001ec8       0x3c ./Core/Src/main.o
                0x08001ec8                std::vector<Timer*, std::allocator<Timer*> >::~vector()
                0x08001ec8                std::vector<Timer*, std::allocator<Timer*> >::~vector()
 .text._ZNSt6vectorIP5TimerSaIS1_EE5beginEv
                0x08001f04       0x20 ./Core/Src/main.o
                0x08001f04                std::vector<Timer*, std::allocator<Timer*> >::begin()
 .text._ZNSt6vectorIP5TimerSaIS1_EE3endEv
                0x08001f24       0x22 ./Core/Src/main.o
                0x08001f24                std::vector<Timer*, std::allocator<Timer*> >::end()
 .text._ZN9__gnu_cxxneIPP5TimerSt6vectorIS2_SaIS2_EEEEbRKNS_17__normal_iteratorIT_T0_EESC_
                0x08001f46       0x30 ./Core/Src/main.o
                0x08001f46                bool __gnu_cxx::operator!=<Timer**, std::vector<Timer*, std::allocator<Timer*> > >(__gnu_cxx::__normal_iterator<Timer**, std::vector<Timer*, std::allocator<Timer*> > > const&, __gnu_cxx::__normal_iterator<Timer**, std::vector<Timer*, std::allocator<Timer*> > > const&)
 .text._ZN9__gnu_cxx17__normal_iteratorIPP5TimerSt6vectorIS2_SaIS2_EEEppEv
                0x08001f76       0x20 ./Core/Src/main.o
                0x08001f76                __gnu_cxx::__normal_iterator<Timer**, std::vector<Timer*, std::allocator<Timer*> > >::operator++()
 .text._ZNK9__gnu_cxx17__normal_iteratorIPP5TimerSt6vectorIS2_SaIS2_EEEdeEv
                0x08001f96       0x18 ./Core/Src/main.o
                0x08001f96                __gnu_cxx::__normal_iterator<Timer**, std::vector<Timer*, std::allocator<Timer*> > >::operator*() const
 .text._ZNSt6vectorIP5TimerSaIS1_EE9push_backERKS1_
                0x08001fae       0x78 ./Core/Src/main.o
                0x08001fae                std::vector<Timer*, std::allocator<Timer*> >::push_back(Timer* const&)
 .text._ZNKSt6vectorIP5TimerSaIS1_EE4sizeEv
                0x08002026       0x20 ./Core/Src/main.o
                0x08002026                std::vector<Timer*, std::allocator<Timer*> >::size() const
 .text._ZNSt14_Function_baseC2Ev
                0x08002046       0x26 ./Core/Src/main.o
                0x08002046                std::_Function_base::_Function_base()
                0x08002046                std::_Function_base::_Function_base()
 .text._ZNSt8functionIFvvEEC2ERKS1_
                0x0800206c       0x56 ./Core/Src/main.o
                0x0800206c                std::function<void ()>::function(std::function<void ()> const&)
                0x0800206c                std::function<void ()>::function(std::function<void ()> const&)
 .text._ZNKSt8functionIFvvEEclEv
                0x080020c2       0x2c ./Core/Src/main.o
                0x080020c2                std::function<void ()>::operator()() const
 *fill*         0x080020ee        0x2 
 .text._ZNSt8functionIFvvEEC2IRS0_vEEOT_
                0x080020f0       0x60 ./Core/Src/main.o
                0x080020f0                std::function<void ()>::function<void (&)(), void>(void (&)())
                0x080020f0                std::function<void ()>::function<void (&)(), void>(void (&)())
 .text._ZNSt12_Vector_baseIP5TimerSaIS1_EE17_Vector_impl_dataC2Ev
                0x08002150       0x28 ./Core/Src/main.o
                0x08002150                std::_Vector_base<Timer*, std::allocator<Timer*> >::_Vector_impl_data::_Vector_impl_data()
                0x08002150                std::_Vector_base<Timer*, std::allocator<Timer*> >::_Vector_impl_data::_Vector_impl_data()
 .text._ZNSt15__new_allocatorIP5TimerED2Ev
                0x08002178       0x16 ./Core/Src/main.o
                0x08002178                std::__new_allocator<Timer*>::~__new_allocator()
                0x08002178                std::__new_allocator<Timer*>::~__new_allocator()
 .text._ZNSt12_Vector_baseIP5TimerSaIS1_EE13_M_deallocateEPS1_j
                0x0800218e       0x32 ./Core/Src/main.o
                0x0800218e                std::_Vector_base<Timer*, std::allocator<Timer*> >::_M_deallocate(Timer**, unsigned int)
 .text._ZNSt12_Vector_baseIP5TimerSaIS1_EE19_M_get_Tp_allocatorEv
                0x080021c0       0x16 ./Core/Src/main.o
                0x080021c0                std::_Vector_base<Timer*, std::allocator<Timer*> >::_M_get_Tp_allocator()
 .text._ZN9__gnu_cxx17__normal_iteratorIPP5TimerSt6vectorIS2_SaIS2_EEEC2ERKS3_
                0x080021d6       0x20 ./Core/Src/main.o
                0x080021d6                __gnu_cxx::__normal_iterator<Timer**, std::vector<Timer*, std::allocator<Timer*> > >::__normal_iterator(Timer** const&)
                0x080021d6                __gnu_cxx::__normal_iterator<Timer**, std::vector<Timer*, std::allocator<Timer*> > >::__normal_iterator(Timer** const&)
 .text._ZNK9__gnu_cxx17__normal_iteratorIPP5TimerSt6vectorIS2_SaIS2_EEE4baseEv
                0x080021f6       0x16 ./Core/Src/main.o
                0x080021f6                __gnu_cxx::__normal_iterator<Timer**, std::vector<Timer*, std::allocator<Timer*> > >::base() const
 .text._ZNSt6vectorIP5TimerSaIS1_EE15_S_use_relocateEv
                0x0800220c       0x16 ./Core/Src/main.o
                0x0800220c                std::vector<Timer*, std::allocator<Timer*> >::_S_use_relocate()
 .text._ZNSt6vectorIP5TimerSaIS1_EE19_S_nothrow_relocateESt17integral_constantIbLb1EE
                0x08002222       0x16 ./Core/Src/main.o
                0x08002222                std::vector<Timer*, std::allocator<Timer*> >::_S_nothrow_relocate(std::integral_constant<bool, true>)
 .text._ZNSt6vectorIP5TimerSaIS1_EE17_M_realloc_insertIJRKS1_EEEvN9__gnu_cxx17__normal_iteratorIPS1_S3_EEDpOT_
                0x08002238      0x1ac ./Core/Src/main.o
                0x08002238                void std::vector<Timer*, std::allocator<Timer*> >::_M_realloc_insert<Timer* const&>(__gnu_cxx::__normal_iterator<Timer**, std::vector<Timer*, std::allocator<Timer*> > >, Timer* const&)
 .text._ZNSt14_Function_base13_Base_managerIPFvvEE21_M_not_empty_functionIS1_EEbPT_
                0x080023e4       0x20 ./Core/Src/main.o
                0x080023e4                bool std::_Function_base::_Base_manager<void (*)()>::_M_not_empty_function<void ()>(void (*)())
 .text._ZSt7forwardIRFvvEEOT_RNSt16remove_referenceIS2_E4typeE
                0x08002404       0x16 ./Core/Src/main.o
                0x08002404                void (&std::forward<void (&)()>(std::remove_reference<void (&)()>::type&))()
 .text._ZNSt14_Function_base13_Base_managerIPFvvEE15_M_init_functorIRS1_EEvRSt9_Any_dataOT_
                0x0800241a       0x24 ./Core/Src/main.o
                0x0800241a                void std::_Function_base::_Base_manager<void (*)()>::_M_init_functor<void (&)()>(std::_Any_data&, void (&)())
 .text._ZNSt17_Function_handlerIFvvEPS0_E9_M_invokeERKSt9_Any_data
                0x0800243e       0x1e ./Core/Src/main.o
                0x0800243e                std::_Function_handler<void (), void (*)()>::_M_invoke(std::_Any_data const&)
 .text._ZNSt17_Function_handlerIFvvEPS0_E10_M_managerERSt9_Any_dataRKS3_St18_Manager_operation
                0x0800245c       0x3e ./Core/Src/main.o
                0x0800245c                std::_Function_handler<void (), void (*)()>::_M_manager(std::_Any_data&, std::_Any_data const&, std::_Manager_operation)
 .text._ZSt8_DestroyIPP5TimerEvT_S3_
                0x0800249a       0x1a ./Core/Src/main.o
                0x0800249a                void std::_Destroy<Timer**>(Timer**, Timer**)
 .text._ZSt7forwardIRKP5TimerEOT_RNSt16remove_referenceIS4_E4typeE
                0x080024b4       0x16 ./Core/Src/main.o
                0x080024b4                Timer* const& std::forward<Timer* const&>(std::remove_reference<Timer* const&>::type&)
 .text._ZNKSt6vectorIP5TimerSaIS1_EE12_M_check_lenEjPKc
                0x080024ca       0x8e ./Core/Src/main.o
                0x080024ca                std::vector<Timer*, std::allocator<Timer*> >::_M_check_len(unsigned int, char const*) const
 .text._ZN9__gnu_cxxmiIPP5TimerSt6vectorIS2_SaIS2_EEEENS_17__normal_iteratorIT_T0_E15difference_typeERKSA_SD_
                0x08002558       0x2a ./Core/Src/main.o
                0x08002558                __gnu_cxx::__normal_iterator<Timer**, std::vector<Timer*, std::allocator<Timer*> > >::difference_type __gnu_cxx::operator-<Timer**, std::vector<Timer*, std::allocator<Timer*> > >(__gnu_cxx::__normal_iterator<Timer**, std::vector<Timer*, std::allocator<Timer*> > > const&, __gnu_cxx::__normal_iterator<Timer**, std::vector<Timer*, std::allocator<Timer*> > > const&)
 .text._ZNSt12_Vector_baseIP5TimerSaIS1_EE11_M_allocateEj
                0x08002582       0x32 ./Core/Src/main.o
                0x08002582                std::_Vector_base<Timer*, std::allocator<Timer*> >::_M_allocate(unsigned int)
 .text._ZNSt6vectorIP5TimerSaIS1_EE11_S_relocateEPS1_S4_S4_RS2_
                0x080025b4       0x28 ./Core/Src/main.o
                0x080025b4                std::vector<Timer*, std::allocator<Timer*> >::_S_relocate(Timer**, Timer**, Timer**, std::allocator<Timer*>&)
 .text._ZSt34__uninitialized_move_if_noexcept_aIPP5TimerS2_SaIS1_EET0_T_S5_S4_RT1_
                0x080025dc       0x32 ./Core/Src/main.o
                0x080025dc                Timer** std::__uninitialized_move_if_noexcept_a<Timer**, Timer**, std::allocator<Timer*> >(Timer**, Timer**, Timer**, std::allocator<Timer*>&)
 .text._ZSt4moveIRP5TimerEONSt16remove_referenceIT_E4typeEOS4_
                0x0800260e       0x16 ./Core/Src/main.o
                0x0800260e                std::remove_reference<Timer*&>::type&& std::move<Timer*&>(Timer*&)
 .text._ZNSt14_Function_base13_Base_managerIPFvvEE9_M_createIRS1_EEvRSt9_Any_dataOT_St17integral_constantIbLb1EE
                0x08002624       0x30 ./Core/Src/main.o
                0x08002624                void std::_Function_base::_Base_manager<void (*)()>::_M_create<void (&)()>(std::_Any_data&, void (&)(), std::integral_constant<bool, true>)
 .text._ZNSt14_Function_base13_Base_managerIPFvvEE14_M_get_pointerERKSt9_Any_data
                0x08002654       0x22 ./Core/Src/main.o
                0x08002654                std::_Function_base::_Base_manager<void (*)()>::_M_get_pointer(std::_Any_data const&)
 .text._ZSt10__invoke_rIvRPFvvEJEENSt9enable_ifIXsrSt7is_voidIT_E5valueES5_E4typeEOT0_DpOT1_
                0x08002676       0x20 ./Core/Src/main.o
                0x08002676                std::enable_if<std::is_void<void>::value, void>::type std::__invoke_r<void, void (*&)()>(void (*&)())
 .text._ZNSt9_Any_data9_M_accessIPPFvvEEERT_v
                0x08002696       0x18 ./Core/Src/main.o
                0x08002696                void (**&std::_Any_data::_M_access<void (**)()>())()
 *fill*         0x080026ae        0x2 
 .text._ZNSt14_Function_base13_Base_managerIPFvvEE10_M_managerERSt9_Any_dataRKS4_St18_Manager_operation
                0x080026b0       0x74 ./Core/Src/main.o
                0x080026b0                std::_Function_base::_Base_manager<void (*)()>::_M_manager(std::_Any_data&, std::_Any_data const&, std::_Manager_operation)
 .text._ZNSt15__new_allocatorIP5TimerE10deallocateEPS1_j
                0x08002724       0x20 ./Core/Src/main.o
                0x08002724                std::__new_allocator<Timer*>::deallocate(Timer**, unsigned int)
 .text._ZNSt12_Destroy_auxILb1EE9__destroyIPP5TimerEEvT_S5_
                0x08002744       0x16 ./Core/Src/main.o
                0x08002744                void std::_Destroy_aux<true>::__destroy<Timer**>(Timer**, Timer**)
 .text._ZNKSt6vectorIP5TimerSaIS1_EE8max_sizeEv
                0x0800275a       0x22 ./Core/Src/main.o
                0x0800275a                std::vector<Timer*, std::allocator<Timer*> >::max_size() const
 .text._ZSt3maxIjERKT_S2_S2_
                0x0800277c       0x28 ./Core/Src/main.o
                0x0800277c                unsigned int const& std::max<unsigned int>(unsigned int const&, unsigned int const&)
 .text._ZNSt6vectorIP5TimerSaIS1_EE14_S_do_relocateEPS1_S4_S4_RS2_St17integral_constantIbLb1EE
                0x080027a4       0x24 ./Core/Src/main.o
                0x080027a4                std::vector<Timer*, std::allocator<Timer*> >::_S_do_relocate(Timer**, Timer**, Timer**, std::allocator<Timer*>&, std::integral_constant<bool, true>)
 .text._ZSt32__make_move_if_noexcept_iteratorIP5TimerSt13move_iteratorIPS1_EET0_PT_
                0x080027c8       0x1e ./Core/Src/main.o
                0x080027c8                std::move_iterator<Timer**> std::__make_move_if_noexcept_iterator<Timer*, std::move_iterator<Timer**> >(Timer**)
 .text._ZSt22__uninitialized_copy_aISt13move_iteratorIPP5TimerES3_S2_ET0_T_S6_S5_RSaIT1_E
                0x080027e6       0x22 ./Core/Src/main.o
                0x080027e6                Timer** std::__uninitialized_copy_a<std::move_iterator<Timer**>, Timer**, Timer*>(std::move_iterator<Timer**>, std::move_iterator<Timer**>, Timer**, std::allocator<Timer*>&)
 .text._ZNKSt9_Any_data9_M_accessIPFvvEEERKT_v
                0x08002808       0x18 ./Core/Src/main.o
                0x08002808                void (* const&std::_Any_data::_M_access<void (*)()>() const)()
 .text._ZSt11__addressofIKPFvvEEPT_RS3_
                0x08002820       0x16 ./Core/Src/main.o
                0x08002820                void (* const*std::__addressof<void (* const)()>(void (* const&)()))()
 .text._ZSt7forwardIRPFvvEEOT_RNSt16remove_referenceIS3_E4typeE
                0x08002836       0x16 ./Core/Src/main.o
                0x08002836                void (*&std::forward<void (*&)()>(std::remove_reference<void (*&)()>::type&))()
 .text._ZSt13__invoke_implIvRPFvvEJEET_St14__invoke_otherOT0_DpOT1_
                0x0800284c       0x1e ./Core/Src/main.o
                0x0800284c                void std::__invoke_impl<void, void (*&)()>(std::__invoke_other, void (*&)())
 .text._ZNSt9_Any_data9_M_accessIPKSt9type_infoEERT_v
                0x0800286a       0x18 ./Core/Src/main.o
                0x0800286a                std::type_info const*& std::_Any_data::_M_access<std::type_info const*>()
 .text._ZNSt14_Function_base13_Base_managerIPFvvEE15_M_init_functorIRKS2_EEvRSt9_Any_dataOT_
                0x08002882       0x24 ./Core/Src/main.o
                0x08002882                void std::_Function_base::_Base_manager<void (*)()>::_M_init_functor<void (* const&)()>(std::_Any_data&, void (* const&)())
 .text._ZNSt14_Function_base13_Base_managerIPFvvEE10_M_destroyERSt9_Any_dataSt17integral_constantIbLb1EE
                0x080028a6       0x18 ./Core/Src/main.o
                0x080028a6                std::_Function_base::_Base_manager<void (*)()>::_M_destroy(std::_Any_data&, std::integral_constant<bool, true>)
 .text._ZNSt6vectorIP5TimerSaIS1_EE11_S_max_sizeERKS2_
                0x080028be       0x40 ./Core/Src/main.o
                0x080028be                std::vector<Timer*, std::allocator<Timer*> >::_S_max_size(std::allocator<Timer*> const&)
 .text._ZNKSt12_Vector_baseIP5TimerSaIS1_EE19_M_get_Tp_allocatorEv
                0x080028fe       0x16 ./Core/Src/main.o
                0x080028fe                std::_Vector_base<Timer*, std::allocator<Timer*> >::_M_get_Tp_allocator() const
 .text._ZNSt15__new_allocatorIP5TimerE8allocateEjPKv
                0x08002914       0x52 ./Core/Src/main.o
                0x08002914                std::__new_allocator<Timer*>::allocate(unsigned int, void const*)
 .text._ZSt12__relocate_aIPP5TimerS2_SaIS1_EET0_T_S5_S4_RT1_
                0x08002966       0x3a ./Core/Src/main.o
                0x08002966                Timer** std::__relocate_a<Timer**, Timer**, std::allocator<Timer*> >(Timer**, Timer**, Timer**, std::allocator<Timer*>&)
 .text._ZNSt13move_iteratorIPP5TimerEC2ES2_
                0x080029a0       0x24 ./Core/Src/main.o
                0x080029a0                std::move_iterator<Timer**>::move_iterator(Timer**)
                0x080029a0                std::move_iterator<Timer**>::move_iterator(Timer**)
 .text._ZSt18uninitialized_copyISt13move_iteratorIPP5TimerES3_ET0_T_S6_S5_
                0x080029c4       0x28 ./Core/Src/main.o
                0x080029c4                Timer** std::uninitialized_copy<std::move_iterator<Timer**>, Timer**>(std::move_iterator<Timer**>, std::move_iterator<Timer**>, Timer**)
 .text._ZSt14__copy_move_a1ILb1EPP5TimerS2_ET1_T0_S4_S3_
                0x080029ec       0x20 ./Core/Src/main.o
                0x080029ec                Timer** std::__copy_move_a1<true, Timer**, Timer**>(Timer**, Timer**, Timer**)
 .text._ZSt7forwardIRKPFvvEEOT_RNSt16remove_referenceIS4_E4typeE
                0x08002a0c       0x16 ./Core/Src/main.o
                0x08002a0c                void (* const&std::forward<void (* const&)()>(std::remove_reference<void (* const&)()>::type&))()
 .text._ZNSt14_Function_base13_Base_managerIPFvvEE9_M_createIRKS2_EEvRSt9_Any_dataOT_St17integral_constantIbLb1EE
                0x08002a22       0x32 ./Core/Src/main.o
                0x08002a22                void std::_Function_base::_Base_manager<void (*)()>::_M_create<void (* const&)()>(std::_Any_data&, void (* const&)(), std::integral_constant<bool, true>)
 .text._ZNSt9_Any_data9_M_accessIPFvvEEERT_v
                0x08002a54       0x18 ./Core/Src/main.o
                0x08002a54                void (*&std::_Any_data::_M_access<void (*)()>())()
 .text._ZSt3minIjERKT_S2_S2_
                0x08002a6c       0x28 ./Core/Src/main.o
                0x08002a6c                unsigned int const& std::min<unsigned int>(unsigned int const&, unsigned int const&)
 .text._ZSt12__niter_baseIPP5TimerET_S3_
                0x08002a94       0x16 ./Core/Src/main.o
                0x08002a94                Timer** std::__niter_base<Timer**>(Timer**)
 .text._ZSt14__relocate_a_1IP5TimerS1_ENSt9enable_ifIXsrSt24__is_bitwise_relocatableIT_vE5valueEPS4_E4typeES6_S6_S6_RSaIT0_E
                0x08002aaa       0x3c ./Core/Src/main.o
                0x08002aaa                std::enable_if<std::__is_bitwise_relocatable<Timer*, void>::value, Timer**>::type std::__relocate_a_1<Timer*, Timer*>(Timer**, Timer**, Timer**, std::allocator<Timer*>&)
 .text._ZSt4moveIRPP5TimerEONSt16remove_referenceIT_E4typeEOS5_
                0x08002ae6       0x16 ./Core/Src/main.o
                0x08002ae6                std::remove_reference<Timer**&>::type&& std::move<Timer**&>(Timer**&)
 .text._ZNSt20__uninitialized_copyILb1EE13__uninit_copyISt13move_iteratorIPP5TimerES5_EET0_T_S8_S7_
                0x08002afc       0x20 ./Core/Src/main.o
                0x08002afc                Timer** std::__uninitialized_copy<true>::__uninit_copy<std::move_iterator<Timer**>, Timer**>(std::move_iterator<Timer**>, std::move_iterator<Timer**>, Timer**)
 .text._ZSt14__copy_move_a2ILb1EPP5TimerS2_ET1_T0_S4_S3_
                0x08002b1c       0x20 ./Core/Src/main.o
                0x08002b1c                Timer** std::__copy_move_a2<true, Timer**, Timer**>(Timer**, Timer**, Timer**)
 .text._ZSt4copyISt13move_iteratorIPP5TimerES3_ET0_T_S6_S5_
                0x08002b3c       0x30 ./Core/Src/main.o
                0x08002b3c                Timer** std::copy<std::move_iterator<Timer**>, Timer**>(std::move_iterator<Timer**>, std::move_iterator<Timer**>, Timer**)
 .text._ZNSt11__copy_moveILb1ELb1ESt26random_access_iterator_tagE8__copy_mIP5TimerS4_EEPT0_PT_S8_S6_
                0x08002b6c       0x54 ./Core/Src/main.o
                0x08002b6c                Timer** std::__copy_move<true, true, std::random_access_iterator_tag>::__copy_m<Timer*, Timer*>(Timer**, Timer**, Timer**)
 .text._ZSt12__miter_baseIPP5TimerEDTcl12__miter_basecldtfp_4baseEEESt13move_iteratorIT_E
                0x08002bc0       0x22 ./Core/Src/main.o
                0x08002bc0                decltype (__miter_base(({parm#1}.base)())) std::__miter_base<Timer**>(std::move_iterator<Timer**>)
 .text._ZSt13__copy_move_aILb1EPP5TimerS2_ET1_T0_S4_S3_
                0x08002be2       0x46 ./Core/Src/main.o
                0x08002be2                Timer** std::__copy_move_a<true, Timer**, Timer**>(Timer**, Timer**, Timer**)
 .text._ZNSt11__copy_moveILb1ELb0ESt26random_access_iterator_tagE12__assign_oneIP5TimerS4_EEvPT_PT0_
                0x08002c28       0x20 ./Core/Src/main.o
                0x08002c28                void std::__copy_move<true, false, std::random_access_iterator_tag>::__assign_one<Timer*, Timer*>(Timer**, Timer**)
 .text._ZNKSt13move_iteratorIPP5TimerE4baseEv
                0x08002c48       0x18 ./Core/Src/main.o
                0x08002c48                std::move_iterator<Timer**>::base() const
 .text._ZSt12__miter_baseIPP5TimerET_S3_
                0x08002c60       0x16 ./Core/Src/main.o
                0x08002c60                Timer** std::__miter_base<Timer**>(Timer**)
 .text._ZSt12__niter_wrapIPP5TimerET_RKS3_S3_
                0x08002c76       0x18 ./Core/Src/main.o
                0x08002c76                Timer** std::__niter_wrap<Timer**>(Timer** const&, Timer**)
 *fill*         0x08002c8e        0x2 
 .text._Z41__static_initialization_and_destruction_0v
                0x08002c90       0x90 ./Core/Src/main.o
 .text._GLOBAL__sub_I_htim2
                0x08002d20        0xa ./Core/Src/main.o
 *fill*         0x08002d2a        0x2 
 .text.HAL_MspInit
                0x08002d2c       0x48 ./Core/Src/stm32f3xx_hal_msp.o
                0x08002d2c                HAL_MspInit
 .text.HAL_TIM_Base_MspInit
                0x08002d74       0x80 ./Core/Src/stm32f3xx_hal_msp.o
                0x08002d74                HAL_TIM_Base_MspInit
 .text.HAL_UART_MspInit
                0x08002df4       0x84 ./Core/Src/stm32f3xx_hal_msp.o
                0x08002df4                HAL_UART_MspInit
 .text.NMI_Handler
                0x08002e78        0x8 ./Core/Src/stm32f3xx_it.o
                0x08002e78                NMI_Handler
 .text.HardFault_Handler
                0x08002e80        0x8 ./Core/Src/stm32f3xx_it.o
                0x08002e80                HardFault_Handler
 .text.MemManage_Handler
                0x08002e88        0x8 ./Core/Src/stm32f3xx_it.o
                0x08002e88                MemManage_Handler
 .text.BusFault_Handler
                0x08002e90        0x8 ./Core/Src/stm32f3xx_it.o
                0x08002e90                BusFault_Handler
 .text.UsageFault_Handler
                0x08002e98        0x8 ./Core/Src/stm32f3xx_it.o
                0x08002e98                UsageFault_Handler
 .text.SVC_Handler
                0x08002ea0        0xe ./Core/Src/stm32f3xx_it.o
                0x08002ea0                SVC_Handler
 .text.DebugMon_Handler
                0x08002eae        0xe ./Core/Src/stm32f3xx_it.o
                0x08002eae                DebugMon_Handler
 .text.PendSV_Handler
                0x08002ebc        0xe ./Core/Src/stm32f3xx_it.o
                0x08002ebc                PendSV_Handler
 .text.SysTick_Handler
                0x08002eca        0xc ./Core/Src/stm32f3xx_it.o
                0x08002eca                SysTick_Handler
 *fill*         0x08002ed6        0x2 
 .text.TIM2_IRQHandler
                0x08002ed8       0x14 ./Core/Src/stm32f3xx_it.o
                0x08002ed8                TIM2_IRQHandler
 .text.TIM3_IRQHandler
                0x08002eec       0x14 ./Core/Src/stm32f3xx_it.o
                0x08002eec                TIM3_IRQHandler
 .text._getpid  0x08002f00       0x10 ./Core/Src/syscalls.o
                0x08002f00                _getpid
 .text._kill    0x08002f10       0x20 ./Core/Src/syscalls.o
                0x08002f10                _kill
 .text._exit    0x08002f30       0x16 ./Core/Src/syscalls.o
                0x08002f30                _exit
 *fill*         0x08002f46        0x2 
 .text._sbrk    0x08002f48       0x6c ./Core/Src/sysmem.o
                0x08002f48                _sbrk
 .text.SystemInit
                0x08002fb4       0x24 ./Core/Src/system_stm32f3xx.o
                0x08002fb4                SystemInit
 .text.Reset_Handler
                0x08002fd8       0x50 ./Core/Startup/startup_stm32f334r8tx.o
                0x08002fd8                Reset_Handler
 .text.Default_Handler
                0x08003028        0x2 ./Core/Startup/startup_stm32f334r8tx.o
                0x08003028                RTC_Alarm_IRQHandler
                0x08003028                HRTIM1_Master_IRQHandler
                0x08003028                TIM1_CC_IRQHandler
                0x08003028                HRTIM1_FLT_IRQHandler
                0x08003028                PVD_IRQHandler
                0x08003028                HRTIM1_TIMD_IRQHandler
                0x08003028                TAMP_STAMP_IRQHandler
                0x08003028                EXTI3_IRQHandler
                0x08003028                EXTI0_IRQHandler
                0x08003028                FPU_IRQHandler
                0x08003028                CAN_TX_IRQHandler
                0x08003028                TIM1_UP_TIM16_IRQHandler
                0x08003028                ADC1_2_IRQHandler
                0x08003028                HRTIM1_TIME_IRQHandler
                0x08003028                SPI1_IRQHandler
                0x08003028                CAN_SCE_IRQHandler
                0x08003028                HRTIM1_TIMC_IRQHandler
                0x08003028                DMA1_Channel4_IRQHandler
                0x08003028                USART3_IRQHandler
                0x08003028                DMA1_Channel7_IRQHandler
                0x08003028                TIM7_DAC2_IRQHandler
                0x08003028                CAN_RX1_IRQHandler
                0x08003028                I2C1_EV_IRQHandler
                0x08003028                DMA1_Channel6_IRQHandler
                0x08003028                RCC_IRQHandler
                0x08003028                DMA1_Channel1_IRQHandler
                0x08003028                Default_Handler
                0x08003028                EXTI15_10_IRQHandler
                0x08003028                COMP2_IRQHandler
                0x08003028                HRTIM1_TIMA_IRQHandler
                0x08003028                TIM6_DAC1_IRQHandler
                0x08003028                EXTI9_5_IRQHandler
                0x08003028                RTC_WKUP_IRQHandler
                0x08003028                DMA1_Channel5_IRQHandler
                0x08003028                EXTI4_IRQHandler
                0x08003028                HRTIM1_TIMB_IRQHandler
                0x08003028                TIM1_TRG_COM_TIM17_IRQHandler
                0x08003028                DMA1_Channel3_IRQHandler
                0x08003028                WWDG_IRQHandler
                0x08003028                EXTI1_IRQHandler
                0x08003028                COMP4_6_IRQHandler
                0x08003028                USART2_IRQHandler
                0x08003028                DMA1_Channel2_IRQHandler
                0x08003028                FLASH_IRQHandler
                0x08003028                USART1_IRQHandler
                0x08003028                CAN_RX0_IRQHandler
                0x08003028                I2C1_ER_IRQHandler
                0x08003028                EXTI2_TSC_IRQHandler
                0x08003028                TIM1_BRK_TIM15_IRQHandler
 *fill*         0x0800302a        0x2 
 .text.HAL_Init
                0x0800302c       0x2c ./Drivers/STM32F3xx_HAL_Driver/Src/stm32f3xx_hal.o
                0x0800302c                HAL_Init
 .text.HAL_InitTick
                0x08003058       0x60 ./Drivers/STM32F3xx_HAL_Driver/Src/stm32f3xx_hal.o
                0x08003058                HAL_InitTick
 .text.HAL_IncTick
                0x080030b8       0x28 ./Drivers/STM32F3xx_HAL_Driver/Src/stm32f3xx_hal.o
                0x080030b8                HAL_IncTick
 .text.HAL_GetTick
                0x080030e0       0x18 ./Drivers/STM32F3xx_HAL_Driver/Src/stm32f3xx_hal.o
                0x080030e0                HAL_GetTick
 .text.__NVIC_SetPriorityGrouping
                0x080030f8       0x48 ./Drivers/STM32F3xx_HAL_Driver/Src/stm32f3xx_hal_cortex.o
 .text.__NVIC_GetPriorityGrouping
                0x08003140       0x1c ./Drivers/STM32F3xx_HAL_Driver/Src/stm32f3xx_hal_cortex.o
 .text.__NVIC_EnableIRQ
                0x0800315c       0x3c ./Drivers/STM32F3xx_HAL_Driver/Src/stm32f3xx_hal_cortex.o
 .text.__NVIC_SetPriority
                0x08003198       0x54 ./Drivers/STM32F3xx_HAL_Driver/Src/stm32f3xx_hal_cortex.o
 .text.NVIC_EncodePriority
                0x080031ec       0x66 ./Drivers/STM32F3xx_HAL_Driver/Src/stm32f3xx_hal_cortex.o
 *fill*         0x08003252        0x2 
 .text.SysTick_Config
                0x08003254       0x44 ./Drivers/STM32F3xx_HAL_Driver/Src/stm32f3xx_hal_cortex.o
 .text.HAL_NVIC_SetPriorityGrouping
                0x08003298       0x16 ./Drivers/STM32F3xx_HAL_Driver/Src/stm32f3xx_hal_cortex.o
                0x08003298                HAL_NVIC_SetPriorityGrouping
 .text.HAL_NVIC_SetPriority
                0x080032ae       0x38 ./Drivers/STM32F3xx_HAL_Driver/Src/stm32f3xx_hal_cortex.o
                0x080032ae                HAL_NVIC_SetPriority
 .text.HAL_NVIC_EnableIRQ
                0x080032e6       0x1c ./Drivers/STM32F3xx_HAL_Driver/Src/stm32f3xx_hal_cortex.o
                0x080032e6                HAL_NVIC_EnableIRQ
 .text.HAL_SYSTICK_Config
                0x08003302       0x18 ./Drivers/STM32F3xx_HAL_Driver/Src/stm32f3xx_hal_cortex.o
                0x08003302                HAL_SYSTICK_Config
 *fill*         0x0800331a        0x2 
 .text.HAL_GPIO_Init
                0x0800331c      0x2e4 ./Drivers/STM32F3xx_HAL_Driver/Src/stm32f3xx_hal_gpio.o
                0x0800331c                HAL_GPIO_Init
 .text.HAL_GPIO_ReadPin
                0x08003600       0x30 ./Drivers/STM32F3xx_HAL_Driver/Src/stm32f3xx_hal_gpio.o
                0x08003600                HAL_GPIO_ReadPin
 .text.HAL_GPIO_WritePin
                0x08003630       0x30 ./Drivers/STM32F3xx_HAL_Driver/Src/stm32f3xx_hal_gpio.o
                0x08003630                HAL_GPIO_WritePin
 .text.HAL_RCC_OscConfig
                0x08003660     0x101c ./Drivers/STM32F3xx_HAL_Driver/Src/stm32f3xx_hal_rcc.o
                0x08003660                HAL_RCC_OscConfig
 .text.HAL_RCC_ClockConfig
                0x0800467c      0x2dc ./Drivers/STM32F3xx_HAL_Driver/Src/stm32f3xx_hal_rcc.o
                0x0800467c                HAL_RCC_ClockConfig
 .text.HAL_RCC_GetSysClockFreq
                0x08004958       0xa8 ./Drivers/STM32F3xx_HAL_Driver/Src/stm32f3xx_hal_rcc.o
                0x08004958                HAL_RCC_GetSysClockFreq
 .text.HAL_RCC_GetHCLKFreq
                0x08004a00       0x18 ./Drivers/STM32F3xx_HAL_Driver/Src/stm32f3xx_hal_rcc.o
                0x08004a00                HAL_RCC_GetHCLKFreq
 .text.HAL_RCC_GetPCLK1Freq
                0x08004a18       0x44 ./Drivers/STM32F3xx_HAL_Driver/Src/stm32f3xx_hal_rcc.o
                0x08004a18                HAL_RCC_GetPCLK1Freq
 .text.HAL_RCC_GetPCLK2Freq
                0x08004a5c       0x44 ./Drivers/STM32F3xx_HAL_Driver/Src/stm32f3xx_hal_rcc.o
                0x08004a5c                HAL_RCC_GetPCLK2Freq
 .text.HAL_TIM_Base_Init
                0x08004aa0       0xae ./Drivers/STM32F3xx_HAL_Driver/Src/stm32f3xx_hal_tim.o
                0x08004aa0                HAL_TIM_Base_Init
 *fill*         0x08004b4e        0x2 
 .text.HAL_TIM_Base_Start_IT
                0x08004b50       0xb8 ./Drivers/STM32F3xx_HAL_Driver/Src/stm32f3xx_hal_tim.o
                0x08004b50                HAL_TIM_Base_Start_IT
 .text.HAL_TIM_IRQHandler
                0x08004c08      0x204 ./Drivers/STM32F3xx_HAL_Driver/Src/stm32f3xx_hal_tim.o
                0x08004c08                HAL_TIM_IRQHandler
 .text.HAL_TIM_ConfigClockSource
                0x08004e0c      0x192 ./Drivers/STM32F3xx_HAL_Driver/Src/stm32f3xx_hal_tim.o
                0x08004e0c                HAL_TIM_ConfigClockSource
 .text.HAL_TIM_OC_DelayElapsedCallback
                0x08004f9e       0x14 ./Drivers/STM32F3xx_HAL_Driver/Src/stm32f3xx_hal_tim.o
                0x08004f9e                HAL_TIM_OC_DelayElapsedCallback
 .text.HAL_TIM_IC_CaptureCallback
                0x08004fb2       0x14 ./Drivers/STM32F3xx_HAL_Driver/Src/stm32f3xx_hal_tim.o
                0x08004fb2                HAL_TIM_IC_CaptureCallback
 .text.HAL_TIM_PWM_PulseFinishedCallback
                0x08004fc6       0x14 ./Drivers/STM32F3xx_HAL_Driver/Src/stm32f3xx_hal_tim.o
                0x08004fc6                HAL_TIM_PWM_PulseFinishedCallback
 .text.HAL_TIM_TriggerCallback
                0x08004fda       0x14 ./Drivers/STM32F3xx_HAL_Driver/Src/stm32f3xx_hal_tim.o
                0x08004fda                HAL_TIM_TriggerCallback
 *fill*         0x08004fee        0x2 
 .text.TIM_Base_SetConfig
                0x08004ff0      0x108 ./Drivers/STM32F3xx_HAL_Driver/Src/stm32f3xx_hal_tim.o
                0x08004ff0                TIM_Base_SetConfig
 .text.TIM_TI1_ConfigInputStage
                0x080050f8       0x5e ./Drivers/STM32F3xx_HAL_Driver/Src/stm32f3xx_hal_tim.o
 .text.TIM_TI2_ConfigInputStage
                0x08005156       0x60 ./Drivers/STM32F3xx_HAL_Driver/Src/stm32f3xx_hal_tim.o
 .text.TIM_ITRx_SetConfig
                0x080051b6       0x36 ./Drivers/STM32F3xx_HAL_Driver/Src/stm32f3xx_hal_tim.o
 .text.TIM_ETR_SetConfig
                0x080051ec       0x40 ./Drivers/STM32F3xx_HAL_Driver/Src/stm32f3xx_hal_tim.o
                0x080051ec                TIM_ETR_SetConfig
 .text.HAL_TIMEx_MasterConfigSynchronization
                0x0800522c       0xdc ./Drivers/STM32F3xx_HAL_Driver/Src/stm32f3xx_hal_tim_ex.o
                0x0800522c                HAL_TIMEx_MasterConfigSynchronization
 .text.HAL_TIMEx_CommutCallback
                0x08005308       0x14 ./Drivers/STM32F3xx_HAL_Driver/Src/stm32f3xx_hal_tim_ex.o
                0x08005308                HAL_TIMEx_CommutCallback
 .text.HAL_TIMEx_BreakCallback
                0x0800531c       0x14 ./Drivers/STM32F3xx_HAL_Driver/Src/stm32f3xx_hal_tim_ex.o
                0x0800531c                HAL_TIMEx_BreakCallback
 .text.HAL_TIMEx_Break2Callback
                0x08005330       0x14 ./Drivers/STM32F3xx_HAL_Driver/Src/stm32f3xx_hal_tim_ex.o
                0x08005330                HAL_TIMEx_Break2Callback
 .text.HAL_UART_Init
                0x08005344       0x9c ./Drivers/STM32F3xx_HAL_Driver/Src/stm32f3xx_hal_uart.o
                0x08005344                HAL_UART_Init
 .text.HAL_UART_Transmit
                0x080053e0      0x112 ./Drivers/STM32F3xx_HAL_Driver/Src/stm32f3xx_hal_uart.o
                0x080053e0                HAL_UART_Transmit
 .text.HAL_UART_Receive
                0x080054f2      0x192 ./Drivers/STM32F3xx_HAL_Driver/Src/stm32f3xx_hal_uart.o
                0x080054f2                HAL_UART_Receive
 .text.UART_SetConfig
                0x08005684      0x26c ./Drivers/STM32F3xx_HAL_Driver/Src/stm32f3xx_hal_uart.o
                0x08005684                UART_SetConfig
 .text.UART_AdvFeatureConfig
                0x080058f0      0x144 ./Drivers/STM32F3xx_HAL_Driver/Src/stm32f3xx_hal_uart.o
                0x080058f0                UART_AdvFeatureConfig
 .text.UART_CheckIdleState
                0x08005a34      0x150 ./Drivers/STM32F3xx_HAL_Driver/Src/stm32f3xx_hal_uart.o
                0x08005a34                UART_CheckIdleState
 .text.UART_WaitOnFlagUntilTimeout
                0x08005b84       0xda ./Drivers/STM32F3xx_HAL_Driver/Src/stm32f3xx_hal_uart.o
                0x08005b84                UART_WaitOnFlagUntilTimeout
 .text.UART_EndRxTransfer
                0x08005c5e       0xc8 ./Drivers/STM32F3xx_HAL_Driver/Src/stm32f3xx_hal_uart.o
 .text._ZdlPvj  0x08005d26        0x4 C:/ST/STM32CubeIDE_1.19.0/STM32CubeIDE/plugins/com.st.stm32cube.ide.mcu.externaltools.gnu-tools-for-stm32.13.3.rel1.win32_1.0.0.202411081344/tools/bin/../lib/gcc/arm-none-eabi/13.3.1/../../../../arm-none-eabi/lib/thumb/v7e-m+fp/hard\libstdc++_nano.a(del_ops.o)
                0x08005d26                operator delete(void*, unsigned int)
 .text.__cxa_guard_acquire
                0x08005d2a       0x18 C:/ST/STM32CubeIDE_1.19.0/STM32CubeIDE/plugins/com.st.stm32cube.ide.mcu.externaltools.gnu-tools-for-stm32.13.3.rel1.win32_1.0.0.202411081344/tools/bin/../lib/gcc/arm-none-eabi/13.3.1/../../../../arm-none-eabi/lib/thumb/v7e-m+fp/hard\libstdc++_nano.a(guard.o)
                0x08005d2a                __cxa_guard_acquire
 .text.__cxa_guard_release
                0x08005d42        0x6 C:/ST/STM32CubeIDE_1.19.0/STM32CubeIDE/plugins/com.st.stm32cube.ide.mcu.externaltools.gnu-tools-for-stm32.13.3.rel1.win32_1.0.0.202411081344/tools/bin/../lib/gcc/arm-none-eabi/13.3.1/../../../../arm-none-eabi/lib/thumb/v7e-m+fp/hard\libstdc++_nano.a(guard.o)
                0x08005d42                __cxa_guard_release
 .text._Znwj    0x08005d48       0x22 C:/ST/STM32CubeIDE_1.19.0/STM32CubeIDE/plugins/com.st.stm32cube.ide.mcu.externaltools.gnu-tools-for-stm32.13.3.rel1.win32_1.0.0.202411081344/tools/bin/../lib/gcc/arm-none-eabi/13.3.1/../../../../arm-none-eabi/lib/thumb/v7e-m+fp/hard\libstdc++_nano.a(new_op.o)
                0x08005d48                operator new(unsigned int)
 .text.unlikely._ZSt17__throw_bad_allocv
                0x08005d6a        0x6 C:/ST/STM32CubeIDE_1.19.0/STM32CubeIDE/plugins/com.st.stm32cube.ide.mcu.externaltools.gnu-tools-for-stm32.13.3.rel1.win32_1.0.0.202411081344/tools/bin/../lib/gcc/arm-none-eabi/13.3.1/../../../../arm-none-eabi/lib/thumb/v7e-m+fp/hard\libstdc++_nano.a(functexcept.o)
                0x08005d6a                std::__throw_bad_alloc()
 .text.unlikely._ZSt28__throw_bad_array_new_lengthv
                0x08005d70        0x6 C:/ST/STM32CubeIDE_1.19.0/STM32CubeIDE/plugins/com.st.stm32cube.ide.mcu.externaltools.gnu-tools-for-stm32.13.3.rel1.win32_1.0.0.202411081344/tools/bin/../lib/gcc/arm-none-eabi/13.3.1/../../../../arm-none-eabi/lib/thumb/v7e-m+fp/hard\libstdc++_nano.a(functexcept.o)
                0x08005d70                std::__throw_bad_array_new_length()
 .text.unlikely._ZSt20__throw_length_errorPKc
                0x08005d76        0x6 C:/ST/STM32CubeIDE_1.19.0/STM32CubeIDE/plugins/com.st.stm32cube.ide.mcu.externaltools.gnu-tools-for-stm32.13.3.rel1.win32_1.0.0.202411081344/tools/bin/../lib/gcc/arm-none-eabi/13.3.1/../../../../arm-none-eabi/lib/thumb/v7e-m+fp/hard\libstdc++_nano.a(functexcept.o)
                0x08005d76                std::__throw_length_error(char const*)
 .text.unlikely._ZSt25__throw_bad_function_callv
                0x08005d7c        0x6 C:/ST/STM32CubeIDE_1.19.0/STM32CubeIDE/plugins/com.st.stm32cube.ide.mcu.externaltools.gnu-tools-for-stm32.13.3.rel1.win32_1.0.0.202411081344/tools/bin/../lib/gcc/arm-none-eabi/13.3.1/../../../../arm-none-eabi/lib/thumb/v7e-m+fp/hard\libstdc++_nano.a(functional.o)
                0x08005d7c                std::__throw_bad_function_call()
 .text._ZdlPv   0x08005d82        0x4 C:/ST/STM32CubeIDE_1.19.0/STM32CubeIDE/plugins/com.st.stm32cube.ide.mcu.externaltools.gnu-tools-for-stm32.13.3.rel1.win32_1.0.0.202411081344/tools/bin/../lib/gcc/arm-none-eabi/13.3.1/../../../../arm-none-eabi/lib/thumb/v7e-m+fp/hard\libstdc++_nano.a(del_op.o)
                0x08005d82                operator delete(void*)
 *fill*         0x08005d86        0x2 
 .text._ZSt15get_new_handlerv
                0x08005d88       0x10 C:/ST/STM32CubeIDE_1.19.0/STM32CubeIDE/plugins/com.st.stm32cube.ide.mcu.externaltools.gnu-tools-for-stm32.13.3.rel1.win32_1.0.0.202411081344/tools/bin/../lib/gcc/arm-none-eabi/13.3.1/../../../../arm-none-eabi/lib/thumb/v7e-m+fp/hard\libstdc++_nano.a(new_handler.o)
                0x08005d88                std::get_new_handler()
 .text.abort    0x08005d98        0xe C:/ST/STM32CubeIDE_1.19.0/STM32CubeIDE/plugins/com.st.stm32cube.ide.mcu.externaltools.gnu-tools-for-stm32.13.3.rel1.win32_1.0.0.202411081344/tools/bin/../lib/gcc/arm-none-eabi/13.3.1/../../../../arm-none-eabi/lib/thumb/v7e-m+fp/hard\libc_nano.a(libc_a-abort.o)
                0x08005d98                abort
 .text.atexit   0x08005da6        0xc C:/ST/STM32CubeIDE_1.19.0/STM32CubeIDE/plugins/com.st.stm32cube.ide.mcu.externaltools.gnu-tools-for-stm32.13.3.rel1.win32_1.0.0.202411081344/tools/bin/../lib/gcc/arm-none-eabi/13.3.1/../../../../arm-none-eabi/lib/thumb/v7e-m+fp/hard\libc_nano.a(libc_a-atexit.o)
                0x08005da6                atexit
 *fill*         0x08005db2        0x2 
 .text.malloc   0x08005db4       0x10 C:/ST/STM32CubeIDE_1.19.0/STM32CubeIDE/plugins/com.st.stm32cube.ide.mcu.externaltools.gnu-tools-for-stm32.13.3.rel1.win32_1.0.0.202411081344/tools/bin/../lib/gcc/arm-none-eabi/13.3.1/../../../../arm-none-eabi/lib/thumb/v7e-m+fp/hard\libc_nano.a(libc_a-malloc.o)
                0x08005db4                malloc
 .text.free     0x08005dc4       0x10 C:/ST/STM32CubeIDE_1.19.0/STM32CubeIDE/plugins/com.st.stm32cube.ide.mcu.externaltools.gnu-tools-for-stm32.13.3.rel1.win32_1.0.0.202411081344/tools/bin/../lib/gcc/arm-none-eabi/13.3.1/../../../../arm-none-eabi/lib/thumb/v7e-m+fp/hard\libc_nano.a(libc_a-malloc.o)
                0x08005dc4                free
 .text.sbrk_aligned
                0x08005dd4       0x44 C:/ST/STM32CubeIDE_1.19.0/STM32CubeIDE/plugins/com.st.stm32cube.ide.mcu.externaltools.gnu-tools-for-stm32.13.3.rel1.win32_1.0.0.202411081344/tools/bin/../lib/gcc/arm-none-eabi/13.3.1/../../../../arm-none-eabi/lib/thumb/v7e-m+fp/hard\libc_nano.a(libc_a-mallocr.o)
 .text._malloc_r
                0x08005e18      0x100 C:/ST/STM32CubeIDE_1.19.0/STM32CubeIDE/plugins/com.st.stm32cube.ide.mcu.externaltools.gnu-tools-for-stm32.13.3.rel1.win32_1.0.0.202411081344/tools/bin/../lib/gcc/arm-none-eabi/13.3.1/../../../../arm-none-eabi/lib/thumb/v7e-m+fp/hard\libc_nano.a(libc_a-mallocr.o)
                0x08005e18                _malloc_r
 .text.__malloc_lock
                0x08005f18        0xc C:/ST/STM32CubeIDE_1.19.0/STM32CubeIDE/plugins/com.st.stm32cube.ide.mcu.externaltools.gnu-tools-for-stm32.13.3.rel1.win32_1.0.0.202411081344/tools/bin/../lib/gcc/arm-none-eabi/13.3.1/../../../../arm-none-eabi/lib/thumb/v7e-m+fp/hard\libc_nano.a(libc_a-mlock.o)
                0x08005f18                __malloc_lock
 .text.__malloc_unlock
                0x08005f24        0xc C:/ST/STM32CubeIDE_1.19.0/STM32CubeIDE/plugins/com.st.stm32cube.ide.mcu.externaltools.gnu-tools-for-stm32.13.3.rel1.win32_1.0.0.202411081344/tools/bin/../lib/gcc/arm-none-eabi/13.3.1/../../../../arm-none-eabi/lib/thumb/v7e-m+fp/hard\libc_nano.a(libc_a-mlock.o)
                0x08005f24                __malloc_unlock
 .text.snprintf
                0x08005f30       0x6c C:/ST/STM32CubeIDE_1.19.0/STM32CubeIDE/plugins/com.st.stm32cube.ide.mcu.externaltools.gnu-tools-for-stm32.13.3.rel1.win32_1.0.0.202411081344/tools/bin/../lib/gcc/arm-none-eabi/13.3.1/../../../../arm-none-eabi/lib/thumb/v7e-m+fp/hard\libc_nano.a(libc_a-snprintf.o)
                0x08005f30                sniprintf
                0x08005f30                snprintf
 .text.memmove  0x08005f9c       0x34 C:/ST/STM32CubeIDE_1.19.0/STM32CubeIDE/plugins/com.st.stm32cube.ide.mcu.externaltools.gnu-tools-for-stm32.13.3.rel1.win32_1.0.0.202411081344/tools/bin/../lib/gcc/arm-none-eabi/13.3.1/../../../../arm-none-eabi/lib/thumb/v7e-m+fp/hard\libc_nano.a(libc_a-memmove.o)
                0x08005f9c                memmove
 .text.memset   0x08005fd0       0x10 C:/ST/STM32CubeIDE_1.19.0/STM32CubeIDE/plugins/com.st.stm32cube.ide.mcu.externaltools.gnu-tools-for-stm32.13.3.rel1.win32_1.0.0.202411081344/tools/bin/../lib/gcc/arm-none-eabi/13.3.1/../../../../arm-none-eabi/lib/thumb/v7e-m+fp/hard\libc_nano.a(libc_a-memset.o)
                0x08005fd0                memset
 .text._raise_r
                0x08005fe0       0x50 C:/ST/STM32CubeIDE_1.19.0/STM32CubeIDE/plugins/com.st.stm32cube.ide.mcu.externaltools.gnu-tools-for-stm32.13.3.rel1.win32_1.0.0.202411081344/tools/bin/../lib/gcc/arm-none-eabi/13.3.1/../../../../arm-none-eabi/lib/thumb/v7e-m+fp/hard\libc_nano.a(libc_a-signal.o)
                0x08005fe0                _raise_r
 .text.raise    0x08006030       0x10 C:/ST/STM32CubeIDE_1.19.0/STM32CubeIDE/plugins/com.st.stm32cube.ide.mcu.externaltools.gnu-tools-for-stm32.13.3.rel1.win32_1.0.0.202411081344/tools/bin/../lib/gcc/arm-none-eabi/13.3.1/../../../../arm-none-eabi/lib/thumb/v7e-m+fp/hard\libc_nano.a(libc_a-signal.o)
                0x08006030                raise
 .text._kill_r  0x08006040       0x24 C:/ST/STM32CubeIDE_1.19.0/STM32CubeIDE/plugins/com.st.stm32cube.ide.mcu.externaltools.gnu-tools-for-stm32.13.3.rel1.win32_1.0.0.202411081344/tools/bin/../lib/gcc/arm-none-eabi/13.3.1/../../../../arm-none-eabi/lib/thumb/v7e-m+fp/hard\libc_nano.a(libc_a-signalr.o)
                0x08006040                _kill_r
 .text._getpid_r
                0x08006064        0x4 C:/ST/STM32CubeIDE_1.19.0/STM32CubeIDE/plugins/com.st.stm32cube.ide.mcu.externaltools.gnu-tools-for-stm32.13.3.rel1.win32_1.0.0.202411081344/tools/bin/../lib/gcc/arm-none-eabi/13.3.1/../../../../arm-none-eabi/lib/thumb/v7e-m+fp/hard\libc_nano.a(libc_a-signalr.o)
                0x08006064                _getpid_r
 .text._sbrk_r  0x08006068       0x20 C:/ST/STM32CubeIDE_1.19.0/STM32CubeIDE/plugins/com.st.stm32cube.ide.mcu.externaltools.gnu-tools-for-stm32.13.3.rel1.win32_1.0.0.202411081344/tools/bin/../lib/gcc/arm-none-eabi/13.3.1/../../../../arm-none-eabi/lib/thumb/v7e-m+fp/hard\libc_nano.a(libc_a-sbrkr.o)
                0x08006068                _sbrk_r
 .text.__errno  0x08006088        0xc C:/ST/STM32CubeIDE_1.19.0/STM32CubeIDE/plugins/com.st.stm32cube.ide.mcu.externaltools.gnu-tools-for-stm32.13.3.rel1.win32_1.0.0.202411081344/tools/bin/../lib/gcc/arm-none-eabi/13.3.1/../../../../arm-none-eabi/lib/thumb/v7e-m+fp/hard\libc_nano.a(libc_a-errno.o)
                0x08006088                __errno
 .text.__libc_init_array
                0x08006094       0x48 C:/ST/STM32CubeIDE_1.19.0/STM32CubeIDE/plugins/com.st.stm32cube.ide.mcu.externaltools.gnu-tools-for-stm32.13.3.rel1.win32_1.0.0.202411081344/tools/bin/../lib/gcc/arm-none-eabi/13.3.1/../../../../arm-none-eabi/lib/thumb/v7e-m+fp/hard\libc_nano.a(libc_a-init.o)
                0x08006094                __libc_init_array
 .text.__retarget_lock_acquire_recursive
                0x080060dc        0x2 C:/ST/STM32CubeIDE_1.19.0/STM32CubeIDE/plugins/com.st.stm32cube.ide.mcu.externaltools.gnu-tools-for-stm32.13.3.rel1.win32_1.0.0.202411081344/tools/bin/../lib/gcc/arm-none-eabi/13.3.1/../../../../arm-none-eabi/lib/thumb/v7e-m+fp/hard\libc_nano.a(libc_a-lock.o)
                0x080060dc                __retarget_lock_acquire_recursive
 .text.__retarget_lock_release_recursive
                0x080060de        0x2 C:/ST/STM32CubeIDE_1.19.0/STM32CubeIDE/plugins/com.st.stm32cube.ide.mcu.externaltools.gnu-tools-for-stm32.13.3.rel1.win32_1.0.0.202411081344/tools/bin/../lib/gcc/arm-none-eabi/13.3.1/../../../../arm-none-eabi/lib/thumb/v7e-m+fp/hard\libc_nano.a(libc_a-lock.o)
                0x080060de                __retarget_lock_release_recursive
 .text.__register_exitproc
                0x080060e0       0xb8 C:/ST/STM32CubeIDE_1.19.0/STM32CubeIDE/plugins/com.st.stm32cube.ide.mcu.externaltools.gnu-tools-for-stm32.13.3.rel1.win32_1.0.0.202411081344/tools/bin/../lib/gcc/arm-none-eabi/13.3.1/../../../../arm-none-eabi/lib/thumb/v7e-m+fp/hard\libc_nano.a(libc_a-__atexit.o)
                0x080060e0                __register_exitproc
 .text._free_r  0x08006198       0x94 C:/ST/STM32CubeIDE_1.19.0/STM32CubeIDE/plugins/com.st.stm32cube.ide.mcu.externaltools.gnu-tools-for-stm32.13.3.rel1.win32_1.0.0.202411081344/tools/bin/../lib/gcc/arm-none-eabi/13.3.1/../../../../arm-none-eabi/lib/thumb/v7e-m+fp/hard\libc_nano.a(libc_a-freer.o)
                0x08006198                _free_r
 .text.__ssputs_r
                0x0800622c       0xb6 C:/ST/STM32CubeIDE_1.19.0/STM32CubeIDE/plugins/com.st.stm32cube.ide.mcu.externaltools.gnu-tools-for-stm32.13.3.rel1.win32_1.0.0.202411081344/tools/bin/../lib/gcc/arm-none-eabi/13.3.1/../../../../arm-none-eabi/lib/thumb/v7e-m+fp/hard\libc_nano.a(libc_a-nano-svfprintf.o)
                0x0800622c                __ssputs_r
 *fill*         0x080062e2        0x2 
 .text._svfprintf_r
                0x080062e4      0x1f8 C:/ST/STM32CubeIDE_1.19.0/STM32CubeIDE/plugins/com.st.stm32cube.ide.mcu.externaltools.gnu-tools-for-stm32.13.3.rel1.win32_1.0.0.202411081344/tools/bin/../lib/gcc/arm-none-eabi/13.3.1/../../../../arm-none-eabi/lib/thumb/v7e-m+fp/hard\libc_nano.a(libc_a-nano-svfprintf.o)
                0x080062e4                _svfiprintf_r
                0x080062e4                _svfprintf_r
 .text._printf_common
                0x080064dc       0xda C:/ST/STM32CubeIDE_1.19.0/STM32CubeIDE/plugins/com.st.stm32cube.ide.mcu.externaltools.gnu-tools-for-stm32.13.3.rel1.win32_1.0.0.202411081344/tools/bin/../lib/gcc/arm-none-eabi/13.3.1/../../../../arm-none-eabi/lib/thumb/v7e-m+fp/hard\libc_nano.a(libc_a-nano-vfprintf_i.o)
                0x080064dc                _printf_common
 *fill*         0x080065b6        0x2 
 .text._printf_i
                0x080065b8      0x23c C:/ST/STM32CubeIDE_1.19.0/STM32CubeIDE/plugins/com.st.stm32cube.ide.mcu.externaltools.gnu-tools-for-stm32.13.3.rel1.win32_1.0.0.202411081344/tools/bin/../lib/gcc/arm-none-eabi/13.3.1/../../../../arm-none-eabi/lib/thumb/v7e-m+fp/hard\libc_nano.a(libc_a-nano-vfprintf_i.o)
                0x080065b8                _printf_i
 .text.memcpy   0x080067f4       0x1c C:/ST/STM32CubeIDE_1.19.0/STM32CubeIDE/plugins/com.st.stm32cube.ide.mcu.externaltools.gnu-tools-for-stm32.13.3.rel1.win32_1.0.0.202411081344/tools/bin/../lib/gcc/arm-none-eabi/13.3.1/../../../../arm-none-eabi/lib/thumb/v7e-m+fp/hard\libc_nano.a(libc_a-memcpy-stub.o)
                0x080067f4                memcpy
 .text._realloc_r
                0x08006810       0x5c C:/ST/STM32CubeIDE_1.19.0/STM32CubeIDE/plugins/com.st.stm32cube.ide.mcu.externaltools.gnu-tools-for-stm32.13.3.rel1.win32_1.0.0.202411081344/tools/bin/../lib/gcc/arm-none-eabi/13.3.1/../../../../arm-none-eabi/lib/thumb/v7e-m+fp/hard\libc_nano.a(libc_a-reallocr.o)
                0x08006810                _realloc_r
 .text._malloc_usable_size_r
                0x0800686c       0x10 C:/ST/STM32CubeIDE_1.19.0/STM32CubeIDE/plugins/com.st.stm32cube.ide.mcu.externaltools.gnu-tools-for-stm32.13.3.rel1.win32_1.0.0.202411081344/tools/bin/../lib/gcc/arm-none-eabi/13.3.1/../../../../arm-none-eabi/lib/thumb/v7e-m+fp/hard\libc_nano.a(libc_a-msizer.o)
                0x0800686c                _malloc_usable_size_r
 *(.glue_7)
 .glue_7        0x0800687c        0x0 linker stubs
 *(.glue_7t)
 .glue_7t       0x0800687c        0x0 linker stubs
 *(.eh_frame)
 .eh_frame      0x0800687c        0x0 C:/ST/STM32CubeIDE_1.19.0/STM32CubeIDE/plugins/com.st.stm32cube.ide.mcu.externaltools.gnu-tools-for-stm32.13.3.rel1.win32_1.0.0.202411081344/tools/bin/../lib/gcc/arm-none-eabi/13.3.1/thumb/v7e-m+fp/hard/crtbegin.o
 *(.init)
 .init          0x0800687c        0x4 C:/ST/STM32CubeIDE_1.19.0/STM32CubeIDE/plugins/com.st.stm32cube.ide.mcu.externaltools.gnu-tools-for-stm32.13.3.rel1.win32_1.0.0.202411081344/tools/bin/../lib/gcc/arm-none-eabi/13.3.1/thumb/v7e-m+fp/hard/crti.o
                0x0800687c                _init
 .init          0x08006880        0x8 C:/ST/STM32CubeIDE_1.19.0/STM32CubeIDE/plugins/com.st.stm32cube.ide.mcu.externaltools.gnu-tools-for-stm32.13.3.rel1.win32_1.0.0.202411081344/tools/bin/../lib/gcc/arm-none-eabi/13.3.1/thumb/v7e-m+fp/hard/crtn.o
 *(.fini)
 .fini          0x08006888        0x4 C:/ST/STM32CubeIDE_1.19.0/STM32CubeIDE/plugins/com.st.stm32cube.ide.mcu.externaltools.gnu-tools-for-stm32.13.3.rel1.win32_1.0.0.202411081344/tools/bin/../lib/gcc/arm-none-eabi/13.3.1/thumb/v7e-m+fp/hard/crti.o
                0x08006888                _fini
 .fini          0x0800688c        0x8 C:/ST/STM32CubeIDE_1.19.0/STM32CubeIDE/plugins/com.st.stm32cube.ide.mcu.externaltools.gnu-tools-for-stm32.13.3.rel1.win32_1.0.0.202411081344/tools/bin/../lib/gcc/arm-none-eabi/13.3.1/thumb/v7e-m+fp/hard/crtn.o
                0x08006894                        . = ALIGN (0x4)
                0x08006894                        _etext = .

.vfp11_veneer   0x08006894        0x0
 .vfp11_veneer  0x08006894        0x0 linker stubs

.v4_bx          0x08006894        0x0
 .v4_bx         0x08006894        0x0 linker stubs

.iplt           0x08006894        0x0
 .iplt          0x08006894        0x0 C:/ST/STM32CubeIDE_1.19.0/STM32CubeIDE/plugins/com.st.stm32cube.ide.mcu.externaltools.gnu-tools-for-stm32.13.3.rel1.win32_1.0.0.202411081344/tools/bin/../lib/gcc/arm-none-eabi/13.3.1/thumb/v7e-m+fp/hard/crtbegin.o

.rodata         0x08006894       0x98
                0x08006894                        . = ALIGN (0x4)
 *(.rodata)
 .rodata        0x08006894       0x2a ./Core/Src/main.o
 *(.rodata*)
 *fill*         0x080068be        0x2 
 .rodata.AHBPrescTable
                0x080068c0       0x10 ./Core/Src/system_stm32f3xx.o
                0x080068c0                AHBPrescTable
 .rodata.APBPrescTable
                0x080068d0        0x8 ./Core/Src/system_stm32f3xx.o
                0x080068d0                APBPrescTable
 .rodata.aPLLMULFactorTable
                0x080068d8       0x10 ./Drivers/STM32F3xx_HAL_Driver/Src/stm32f3xx_hal_rcc.o
 .rodata.aPredivFactorTable
                0x080068e8       0x10 ./Drivers/STM32F3xx_HAL_Driver/Src/stm32f3xx_hal_rcc.o
 .rodata._svfprintf_r.str1.1
                0x080068f8       0x33 C:/ST/STM32CubeIDE_1.19.0/STM32CubeIDE/plugins/com.st.stm32cube.ide.mcu.externaltools.gnu-tools-for-stm32.13.3.rel1.win32_1.0.0.202411081344/tools/bin/../lib/gcc/arm-none-eabi/13.3.1/../../../../arm-none-eabi/lib/thumb/v7e-m+fp/hard\libc_nano.a(libc_a-nano-svfprintf.o)
                                 0x11 (size before relaxing)
 .rodata._printf_i.str1.1
                0x0800692b       0x22 C:/ST/STM32CubeIDE_1.19.0/STM32CubeIDE/plugins/com.st.stm32cube.ide.mcu.externaltools.gnu-tools-for-stm32.13.3.rel1.win32_1.0.0.202411081344/tools/bin/../lib/gcc/arm-none-eabi/13.3.1/../../../../arm-none-eabi/lib/thumb/v7e-m+fp/hard\libc_nano.a(libc_a-nano-vfprintf_i.o)
                0x08006950                        . = ALIGN (0x4)
 *fill*         0x0800692b        0x1 

.ARM.extab      0x0800692c        0x0
                0x0800692c                        . = ALIGN (0x4)
 *(.ARM.extab* .gnu.linkonce.armextab.*)
                0x0800692c                        . = ALIGN (0x4)

.ARM            0x0800692c        0x8
                0x0800692c                        . = ALIGN (0x4)
                0x0800692c                        __exidx_start = .
 *(.ARM.exidx*)
 .ARM.exidx     0x0800692c        0x8 C:/ST/STM32CubeIDE_1.19.0/STM32CubeIDE/plugins/com.st.stm32cube.ide.mcu.externaltools.gnu-tools-for-stm32.13.3.rel1.win32_1.0.0.202411081344/tools/bin/../lib/gcc/arm-none-eabi/13.3.1/../../../../arm-none-eabi/lib/thumb/v7e-m+fp/hard\libc_nano.a(libc_a-strlen.o)
 .ARM.exidx     0x08006934        0x0 C:/ST/STM32CubeIDE_1.19.0/STM32CubeIDE/plugins/com.st.stm32cube.ide.mcu.externaltools.gnu-tools-for-stm32.13.3.rel1.win32_1.0.0.202411081344/tools/bin/../lib/gcc/arm-none-eabi/13.3.1/../../../../arm-none-eabi/lib/thumb/v7e-m+fp/hard\libc_nano.a(libc_a-memchr.o)
                                  0x8 (size before relaxing)
                0x08006934                        __exidx_end = .
                0x08006934                        . = ALIGN (0x4)

.preinit_array  0x08006934        0x0
                0x08006934                        . = ALIGN (0x4)
                0x08006934                        PROVIDE (__preinit_array_start = .)
 *(.preinit_array*)
                0x08006934                        PROVIDE (__preinit_array_end = .)
                0x08006934                        . = ALIGN (0x4)

.init_array     0x08006934        0x8
                0x08006934                        . = ALIGN (0x4)
                0x08006934                        PROVIDE (__init_array_start = .)
 *(SORT_BY_NAME(.init_array.*))
 *(.init_array*)
 .init_array    0x08006934        0x4 C:/ST/STM32CubeIDE_1.19.0/STM32CubeIDE/plugins/com.st.stm32cube.ide.mcu.externaltools.gnu-tools-for-stm32.13.3.rel1.win32_1.0.0.202411081344/tools/bin/../lib/gcc/arm-none-eabi/13.3.1/thumb/v7e-m+fp/hard/crtbegin.o
 .init_array    0x08006938        0x4 ./Core/Src/main.o
                0x0800693c                        PROVIDE (__init_array_end = .)
                0x0800693c                        . = ALIGN (0x4)

.fini_array     0x0800693c        0x4
                0x0800693c                        . = ALIGN (0x4)
                [!provide]                        PROVIDE (__fini_array_start = .)
 *(SORT_BY_NAME(.fini_array.*))
 *(.fini_array*)
 .fini_array    0x0800693c        0x4 C:/ST/STM32CubeIDE_1.19.0/STM32CubeIDE/plugins/com.st.stm32cube.ide.mcu.externaltools.gnu-tools-for-stm32.13.3.rel1.win32_1.0.0.202411081344/tools/bin/../lib/gcc/arm-none-eabi/13.3.1/thumb/v7e-m+fp/hard/crtbegin.o
                [!provide]                        PROVIDE (__fini_array_end = .)
                0x08006940                        . = ALIGN (0x4)
                0x08006940                        _sidata = LOADADDR (.data)

.rel.dyn        0x08006940        0x0
 .rel.iplt      0x08006940        0x0 C:/ST/STM32CubeIDE_1.19.0/STM32CubeIDE/plugins/com.st.stm32cube.ide.mcu.externaltools.gnu-tools-for-stm32.13.3.rel1.win32_1.0.0.202411081344/tools/bin/../lib/gcc/arm-none-eabi/13.3.1/thumb/v7e-m+fp/hard/crtbegin.o

.data           0x20000000       0x60 load address 0x08006940
                0x20000000                        . = ALIGN (0x4)
                0x20000000                        _sdata = .
 *(.data)
 *(.data*)
 .data.SystemCoreClock
                0x20000000        0x4 ./Core/Src/system_stm32f3xx.o
                0x20000000                SystemCoreClock
 .data.uwTickPrio
                0x20000004        0x4 ./Drivers/STM32F3xx_HAL_Driver/Src/stm32f3xx_hal.o
                0x20000004                uwTickPrio
 .data.uwTickFreq
                0x20000008        0x1 ./Drivers/STM32F3xx_HAL_Driver/Src/stm32f3xx_hal.o
                0x20000008                uwTickFreq
 *fill*         0x20000009        0x3 
 .data._impure_ptr
                0x2000000c        0x4 C:/ST/STM32CubeIDE_1.19.0/STM32CubeIDE/plugins/com.st.stm32cube.ide.mcu.externaltools.gnu-tools-for-stm32.13.3.rel1.win32_1.0.0.202411081344/tools/bin/../lib/gcc/arm-none-eabi/13.3.1/../../../../arm-none-eabi/lib/thumb/v7e-m+fp/hard\libc_nano.a(libc_a-impure.o)
                0x2000000c                _impure_ptr
 .data._impure_data
                0x20000010       0x4c C:/ST/STM32CubeIDE_1.19.0/STM32CubeIDE/plugins/com.st.stm32cube.ide.mcu.externaltools.gnu-tools-for-stm32.13.3.rel1.win32_1.0.0.202411081344/tools/bin/../lib/gcc/arm-none-eabi/13.3.1/../../../../arm-none-eabi/lib/thumb/v7e-m+fp/hard\libc_nano.a(libc_a-impure.o)
                0x20000010                _impure_data
 .data.__atexit_recursive_mutex
                0x2000005c        0x4 C:/ST/STM32CubeIDE_1.19.0/STM32CubeIDE/plugins/com.st.stm32cube.ide.mcu.externaltools.gnu-tools-for-stm32.13.3.rel1.win32_1.0.0.202411081344/tools/bin/../lib/gcc/arm-none-eabi/13.3.1/../../../../arm-none-eabi/lib/thumb/v7e-m+fp/hard\libc_nano.a(libc_a-__call_atexit.o)
                0x2000005c                __atexit_recursive_mutex
 *(.RamFunc)
 *(.RamFunc*)
                0x20000060                        . = ALIGN (0x4)
                0x20000060                        _edata = .
                0x080069a0                        _siccmram = LOADADDR (.ccmram)

.igot.plt       0x20000060        0x0 load address 0x080069a0
 .igot.plt      0x20000060        0x0 C:/ST/STM32CubeIDE_1.19.0/STM32CubeIDE/plugins/com.st.stm32cube.ide.mcu.externaltools.gnu-tools-for-stm32.13.3.rel1.win32_1.0.0.202411081344/tools/bin/../lib/gcc/arm-none-eabi/13.3.1/thumb/v7e-m+fp/hard/crtbegin.o

.ccmram         0x10000000        0x0 load address 0x080069a0
                0x10000000                        . = ALIGN (0x4)
                0x10000000                        _sccmram = .
 *(.ccmram)
 *(.ccmram*)
                0x10000000                        . = ALIGN (0x4)
                0x10000000                        _eccmram = .
                0x10000000                        . = ALIGN (0x4)

.bss            0x20000060      0x4f0
                0x20000060                        _sbss = .
                0x20000060                        __bss_start__ = _sbss
 *(.bss)
 .bss           0x20000060       0x1c C:/ST/STM32CubeIDE_1.19.0/STM32CubeIDE/plugins/com.st.stm32cube.ide.mcu.externaltools.gnu-tools-for-stm32.13.3.rel1.win32_1.0.0.202411081344/tools/bin/../lib/gcc/arm-none-eabi/13.3.1/thumb/v7e-m+fp/hard/crtbegin.o
 *(.bss*)
 .bss._ZZN19StepperTimerManager8InstanceEvE8instance
                0x2000007c       0x24 ./Core/Src/StepperTimerManager.o
 .bss._ZGVZN19StepperTimerManager8InstanceEvE8instance
                0x200000a0        0x4 ./Core/Src/StepperTimerManager.o
 .bss._ZZN12TimerManager11getInstanceEvE8instance
                0x200000a4        0xc ./Core/Src/main.o
                0x200000a4                TimerManager::getInstance()::instance
 .bss._ZGVZN12TimerManager11getInstanceEvE8instance
                0x200000b0        0x4 ./Core/Src/main.o
                0x200000b0                guard variable for TimerManager::getInstance()::instance
 .bss.htim2     0x200000b4       0x4c ./Core/Src/main.o
                0x200000b4                htim2
 .bss.htim3     0x20000100       0x4c ./Core/Src/main.o
                0x20000100                htim3
 .bss.huart2    0x2000014c       0x88 ./Core/Src/main.o
                0x2000014c                huart2
 .bss.stepperPreLoad
                0x200001d4       0x88 ./Core/Src/main.o
                0x200001d4                stepperPreLoad
 .bss.stepperLoad
                0x2000025c       0x88 ./Core/Src/main.o
                0x2000025c                stepperLoad
 .bss.stepperUnload
                0x200002e4       0x88 ./Core/Src/main.o
                0x200002e4                stepperUnload
 .bss.__sbrk_heap_end
                0x2000036c        0x4 ./Core/Src/sysmem.o
 .bss.uwTick    0x20000370        0x4 ./Drivers/STM32F3xx_HAL_Driver/Src/stm32f3xx_hal.o
                0x20000370                uwTick
 .bss._ZN12_GLOBAL__N_113__new_handlerE
                0x20000374        0x4 C:/ST/STM32CubeIDE_1.19.0/STM32CubeIDE/plugins/com.st.stm32cube.ide.mcu.externaltools.gnu-tools-for-stm32.13.3.rel1.win32_1.0.0.202411081344/tools/bin/../lib/gcc/arm-none-eabi/13.3.1/../../../../arm-none-eabi/lib/thumb/v7e-m+fp/hard\libstdc++_nano.a(new_handler.o)
 .bss.__malloc_sbrk_start
                0x20000378        0x4 C:/ST/STM32CubeIDE_1.19.0/STM32CubeIDE/plugins/com.st.stm32cube.ide.mcu.externaltools.gnu-tools-for-stm32.13.3.rel1.win32_1.0.0.202411081344/tools/bin/../lib/gcc/arm-none-eabi/13.3.1/../../../../arm-none-eabi/lib/thumb/v7e-m+fp/hard\libc_nano.a(libc_a-mallocr.o)
                0x20000378                __malloc_sbrk_start
 .bss.__malloc_free_list
                0x2000037c        0x4 C:/ST/STM32CubeIDE_1.19.0/STM32CubeIDE/plugins/com.st.stm32cube.ide.mcu.externaltools.gnu-tools-for-stm32.13.3.rel1.win32_1.0.0.202411081344/tools/bin/../lib/gcc/arm-none-eabi/13.3.1/../../../../arm-none-eabi/lib/thumb/v7e-m+fp/hard\libc_nano.a(libc_a-mallocr.o)
                0x2000037c                __malloc_free_list
 .bss.__sf      0x20000380      0x138 C:/ST/STM32CubeIDE_1.19.0/STM32CubeIDE/plugins/com.st.stm32cube.ide.mcu.externaltools.gnu-tools-for-stm32.13.3.rel1.win32_1.0.0.202411081344/tools/bin/../lib/gcc/arm-none-eabi/13.3.1/../../../../arm-none-eabi/lib/thumb/v7e-m+fp/hard\libc_nano.a(libc_a-findfp.o)
                0x20000380                __sf
 .bss.errno     0x200004b8        0x4 C:/ST/STM32CubeIDE_1.19.0/STM32CubeIDE/plugins/com.st.stm32cube.ide.mcu.externaltools.gnu-tools-for-stm32.13.3.rel1.win32_1.0.0.202411081344/tools/bin/../lib/gcc/arm-none-eabi/13.3.1/../../../../arm-none-eabi/lib/thumb/v7e-m+fp/hard\libc_nano.a(libc_a-reent.o)
                0x200004b8                errno
 .bss.__lock___malloc_recursive_mutex
                0x200004bc        0x1 C:/ST/STM32CubeIDE_1.19.0/STM32CubeIDE/plugins/com.st.stm32cube.ide.mcu.externaltools.gnu-tools-for-stm32.13.3.rel1.win32_1.0.0.202411081344/tools/bin/../lib/gcc/arm-none-eabi/13.3.1/../../../../arm-none-eabi/lib/thumb/v7e-m+fp/hard\libc_nano.a(libc_a-lock.o)
                0x200004bc                __lock___malloc_recursive_mutex
 .bss.__lock___atexit_recursive_mutex
                0x200004bd        0x1 C:/ST/STM32CubeIDE_1.19.0/STM32CubeIDE/plugins/com.st.stm32cube.ide.mcu.externaltools.gnu-tools-for-stm32.13.3.rel1.win32_1.0.0.202411081344/tools/bin/../lib/gcc/arm-none-eabi/13.3.1/../../../../arm-none-eabi/lib/thumb/v7e-m+fp/hard\libc_nano.a(libc_a-lock.o)
                0x200004bd                __lock___atexit_recursive_mutex
 *fill*         0x200004be        0x2 
 .bss.__atexit0
                0x200004c0       0x8c C:/ST/STM32CubeIDE_1.19.0/STM32CubeIDE/plugins/com.st.stm32cube.ide.mcu.externaltools.gnu-tools-for-stm32.13.3.rel1.win32_1.0.0.202411081344/tools/bin/../lib/gcc/arm-none-eabi/13.3.1/../../../../arm-none-eabi/lib/thumb/v7e-m+fp/hard\libc_nano.a(libc_a-__atexit.o)
                0x200004c0                __atexit0
 .bss.__atexit  0x2000054c        0x4 C:/ST/STM32CubeIDE_1.19.0/STM32CubeIDE/plugins/com.st.stm32cube.ide.mcu.externaltools.gnu-tools-for-stm32.13.3.rel1.win32_1.0.0.202411081344/tools/bin/../lib/gcc/arm-none-eabi/13.3.1/../../../../arm-none-eabi/lib/thumb/v7e-m+fp/hard\libc_nano.a(libc_a-__call_atexit.o)
                0x2000054c                __atexit
 *(COMMON)
                0x20000550                        . = ALIGN (0x4)
                0x20000550                        _ebss = .
                0x20000550                        __bss_end__ = _ebss

._user_heap_stack
                0x20000550      0x600
                0x20000550                        . = ALIGN (0x8)
                [!provide]                        PROVIDE (end = .)
                0x20000550                        PROVIDE (_end = .)
                0x20000750                        . = (. + _Min_Heap_Size)
 *fill*         0x20000550      0x200 
                0x20000b50                        . = (. + _Min_Stack_Size)
 *fill*         0x20000750      0x400 
                0x20000b50                        . = ALIGN (0x8)

/DISCARD/
 libc.a(*)
 libm.a(*)
 libgcc.a(*)

.ARM.attributes
                0x00000000       0x30
 *(.ARM.attributes)
 .ARM.attributes
                0x00000000       0x22 C:/ST/STM32CubeIDE_1.19.0/STM32CubeIDE/plugins/com.st.stm32cube.ide.mcu.externaltools.gnu-tools-for-stm32.13.3.rel1.win32_1.0.0.202411081344/tools/bin/../lib/gcc/arm-none-eabi/13.3.1/thumb/v7e-m+fp/hard/crti.o
 .ARM.attributes
                0x00000022       0x34 C:/ST/STM32CubeIDE_1.19.0/STM32CubeIDE/plugins/com.st.stm32cube.ide.mcu.externaltools.gnu-tools-for-stm32.13.3.rel1.win32_1.0.0.202411081344/tools/bin/../lib/gcc/arm-none-eabi/13.3.1/thumb/v7e-m+fp/hard/crtbegin.o
 .ARM.attributes
                0x00000056       0x34 ./Core/Src/CommandHandler.o
 .ARM.attributes
                0x0000008a       0x34 ./Core/Src/StepperMotorDriver.o
 .ARM.attributes
                0x000000be       0x34 ./Core/Src/StepperTimerManager.o
 .ARM.attributes
                0x000000f2       0x34 ./Core/Src/main.o
 .ARM.attributes
                0x00000126       0x34 ./Core/Src/stm32f3xx_hal_msp.o
 .ARM.attributes
                0x0000015a       0x34 ./Core/Src/stm32f3xx_it.o
 .ARM.attributes
                0x0000018e       0x34 ./Core/Src/syscalls.o
 .ARM.attributes
                0x000001c2       0x34 ./Core/Src/sysmem.o
 .ARM.attributes
                0x000001f6       0x34 ./Core/Src/system_stm32f3xx.o
 .ARM.attributes
                0x0000022a       0x21 ./Core/Startup/startup_stm32f334r8tx.o
 .ARM.attributes
                0x0000024b       0x34 ./Drivers/STM32F3xx_HAL_Driver/Src/stm32f3xx_hal.o
 .ARM.attributes
                0x0000027f       0x34 ./Drivers/STM32F3xx_HAL_Driver/Src/stm32f3xx_hal_cortex.o
 .ARM.attributes
                0x000002b3       0x34 ./Drivers/STM32F3xx_HAL_Driver/Src/stm32f3xx_hal_gpio.o
 .ARM.attributes
                0x000002e7       0x34 ./Drivers/STM32F3xx_HAL_Driver/Src/stm32f3xx_hal_rcc.o
 .ARM.attributes
                0x0000031b       0x34 ./Drivers/STM32F3xx_HAL_Driver/Src/stm32f3xx_hal_tim.o
 .ARM.attributes
                0x0000034f       0x34 ./Drivers/STM32F3xx_HAL_Driver/Src/stm32f3xx_hal_tim_ex.o
 .ARM.attributes
                0x00000383       0x34 ./Drivers/STM32F3xx_HAL_Driver/Src/stm32f3xx_hal_uart.o
 .ARM.attributes
                0x000003b7       0x34 C:/ST/STM32CubeIDE_1.19.0/STM32CubeIDE/plugins/com.st.stm32cube.ide.mcu.externaltools.gnu-tools-for-stm32.13.3.rel1.win32_1.0.0.202411081344/tools/bin/../lib/gcc/arm-none-eabi/13.3.1/../../../../arm-none-eabi/lib/thumb/v7e-m+fp/hard\libstdc++_nano.a(del_ops.o)
 .ARM.attributes
                0x000003eb       0x34 C:/ST/STM32CubeIDE_1.19.0/STM32CubeIDE/plugins/com.st.stm32cube.ide.mcu.externaltools.gnu-tools-for-stm32.13.3.rel1.win32_1.0.0.202411081344/tools/bin/../lib/gcc/arm-none-eabi/13.3.1/../../../../arm-none-eabi/lib/thumb/v7e-m+fp/hard\libstdc++_nano.a(guard.o)
 .ARM.attributes
                0x0000041f       0x34 C:/ST/STM32CubeIDE_1.19.0/STM32CubeIDE/plugins/com.st.stm32cube.ide.mcu.externaltools.gnu-tools-for-stm32.13.3.rel1.win32_1.0.0.202411081344/tools/bin/../lib/gcc/arm-none-eabi/13.3.1/../../../../arm-none-eabi/lib/thumb/v7e-m+fp/hard\libstdc++_nano.a(new_op.o)
 .ARM.attributes
                0x00000453       0x34 C:/ST/STM32CubeIDE_1.19.0/STM32CubeIDE/plugins/com.st.stm32cube.ide.mcu.externaltools.gnu-tools-for-stm32.13.3.rel1.win32_1.0.0.202411081344/tools/bin/../lib/gcc/arm-none-eabi/13.3.1/../../../../arm-none-eabi/lib/thumb/v7e-m+fp/hard\libstdc++_nano.a(functexcept.o)
 .ARM.attributes
                0x00000487       0x34 C:/ST/STM32CubeIDE_1.19.0/STM32CubeIDE/plugins/com.st.stm32cube.ide.mcu.externaltools.gnu-tools-for-stm32.13.3.rel1.win32_1.0.0.202411081344/tools/bin/../lib/gcc/arm-none-eabi/13.3.1/../../../../arm-none-eabi/lib/thumb/v7e-m+fp/hard\libstdc++_nano.a(functional.o)
 .ARM.attributes
                0x000004bb       0x34 C:/ST/STM32CubeIDE_1.19.0/STM32CubeIDE/plugins/com.st.stm32cube.ide.mcu.externaltools.gnu-tools-for-stm32.13.3.rel1.win32_1.0.0.202411081344/tools/bin/../lib/gcc/arm-none-eabi/13.3.1/../../../../arm-none-eabi/lib/thumb/v7e-m+fp/hard\libstdc++_nano.a(del_op.o)
 .ARM.attributes
                0x000004ef       0x34 C:/ST/STM32CubeIDE_1.19.0/STM32CubeIDE/plugins/com.st.stm32cube.ide.mcu.externaltools.gnu-tools-for-stm32.13.3.rel1.win32_1.0.0.202411081344/tools/bin/../lib/gcc/arm-none-eabi/13.3.1/../../../../arm-none-eabi/lib/thumb/v7e-m+fp/hard\libstdc++_nano.a(new_handler.o)
 .ARM.attributes
                0x00000523       0x34 C:/ST/STM32CubeIDE_1.19.0/STM32CubeIDE/plugins/com.st.stm32cube.ide.mcu.externaltools.gnu-tools-for-stm32.13.3.rel1.win32_1.0.0.202411081344/tools/bin/../lib/gcc/arm-none-eabi/13.3.1/../../../../arm-none-eabi/lib/thumb/v7e-m+fp/hard\libc_nano.a(libc_a-abort.o)
 .ARM.attributes
                0x00000557       0x34 C:/ST/STM32CubeIDE_1.19.0/STM32CubeIDE/plugins/com.st.stm32cube.ide.mcu.externaltools.gnu-tools-for-stm32.13.3.rel1.win32_1.0.0.202411081344/tools/bin/../lib/gcc/arm-none-eabi/13.3.1/../../../../arm-none-eabi/lib/thumb/v7e-m+fp/hard\libc_nano.a(libc_a-atexit.o)
 .ARM.attributes
                0x0000058b       0x34 C:/ST/STM32CubeIDE_1.19.0/STM32CubeIDE/plugins/com.st.stm32cube.ide.mcu.externaltools.gnu-tools-for-stm32.13.3.rel1.win32_1.0.0.202411081344/tools/bin/../lib/gcc/arm-none-eabi/13.3.1/../../../../arm-none-eabi/lib/thumb/v7e-m+fp/hard\libc_nano.a(libc_a-malloc.o)
 .ARM.attributes
                0x000005bf       0x34 C:/ST/STM32CubeIDE_1.19.0/STM32CubeIDE/plugins/com.st.stm32cube.ide.mcu.externaltools.gnu-tools-for-stm32.13.3.rel1.win32_1.0.0.202411081344/tools/bin/../lib/gcc/arm-none-eabi/13.3.1/../../../../arm-none-eabi/lib/thumb/v7e-m+fp/hard\libc_nano.a(libc_a-mallocr.o)
 .ARM.attributes
                0x000005f3       0x34 C:/ST/STM32CubeIDE_1.19.0/STM32CubeIDE/plugins/com.st.stm32cube.ide.mcu.externaltools.gnu-tools-for-stm32.13.3.rel1.win32_1.0.0.202411081344/tools/bin/../lib/gcc/arm-none-eabi/13.3.1/../../../../arm-none-eabi/lib/thumb/v7e-m+fp/hard\libc_nano.a(libc_a-mlock.o)
 .ARM.attributes
                0x00000627       0x34 C:/ST/STM32CubeIDE_1.19.0/STM32CubeIDE/plugins/com.st.stm32cube.ide.mcu.externaltools.gnu-tools-for-stm32.13.3.rel1.win32_1.0.0.202411081344/tools/bin/../lib/gcc/arm-none-eabi/13.3.1/../../../../arm-none-eabi/lib/thumb/v7e-m+fp/hard\libc_nano.a(libc_a-findfp.o)
 .ARM.attributes
                0x0000065b       0x34 C:/ST/STM32CubeIDE_1.19.0/STM32CubeIDE/plugins/com.st.stm32cube.ide.mcu.externaltools.gnu-tools-for-stm32.13.3.rel1.win32_1.0.0.202411081344/tools/bin/../lib/gcc/arm-none-eabi/13.3.1/../../../../arm-none-eabi/lib/thumb/v7e-m+fp/hard\libc_nano.a(libc_a-snprintf.o)
 .ARM.attributes
                0x0000068f       0x34 C:/ST/STM32CubeIDE_1.19.0/STM32CubeIDE/plugins/com.st.stm32cube.ide.mcu.externaltools.gnu-tools-for-stm32.13.3.rel1.win32_1.0.0.202411081344/tools/bin/../lib/gcc/arm-none-eabi/13.3.1/../../../../arm-none-eabi/lib/thumb/v7e-m+fp/hard\libc_nano.a(libc_a-memmove.o)
 .ARM.attributes