../Core/Src/main.cpp:106:6:void timer1Callback()	0	static
../Core/Src/main.cpp:130:6:void g2Handler()	8	static
../Core/Src/main.cpp:125:6:void g1Handler(float, float, float)	16	static
../Core/Src/main.cpp:135:6:void m18Handler()	8	static
../Core/Src/main.cpp:140:6:void m19Handler()	8	static
../Core/Src/main.cpp:146:6:void m114Handler()	80	static
../Core/Src/main.cpp:113:6:void g0Handler(float, float, float, float)	24	static
C:\ST\STM32CubeIDE_1.19.0\STM32CubeIDE\plugins\com.st.stm32cube.ide.mcu.externaltools.gnu-tools-for-stm32.13.3.rel1.win32_1.0.0.202411081344\tools\bin/../lib/gcc/arm-none-eabi/13.3.1/../../../../arm-none-eabi/include/c++/13.3.1/bits/std_function.h:267:7:), _Functor>::_M_manager(std::_Any_data&, const std::_Any_data&, std::_Manager_operation) [with _Res = void; _Functor = void (*)(); _ArgTypes = {}]	0	static
C:\ST\STM32CubeIDE_1.19.0\STM32CubeIDE\plugins\com.st.stm32cube.ide.mcu.externaltools.gnu-tools-for-stm32.13.3.rel1.win32_1.0.0.202411081344\tools\bin/../lib/gcc/arm-none-eabi/13.3.1/../../../../arm-none-eabi/include/c++/13.3.1/bits/std_function.h:288:7:) [with _Res = void; _Functor = void (*)(); _ArgTypes = {}]	0	static
../Core/Inc/Timer.h:168:29:void __tcf_0()	0	static
../Core/Inc/Timer.h:167:26:static TimerManager& TimerManager::getInstance()	16	static
../Core/Src/main.cpp:69:6:void HAL_TIM_PeriodElapsedCallback(TIM_HandleTypeDef*)	16	static
../Core/Src/main.cpp:88:6:void InitSteppers()	16	static
../Core/Src/main.cpp:222:6:void SystemClock_Config()	72	static,ignoring_inline_asm
../Core/Src/main.cpp:445:6:void Error_Handler()	0	static,ignoring_inline_asm
C:\ST\STM32CubeIDE_1.19.0\STM32CubeIDE\plugins\com.st.stm32cube.ide.mcu.externaltools.gnu-tools-for-stm32.13.3.rel1.win32_1.0.0.202411081344\tools\bin/../lib/gcc/arm-none-eabi/13.3.1/../../../../arm-none-eabi/include/c++/13.3.1/bits/vector.tcc:445:7:) [with _Args = {Timer* const&}; _Tp = Timer*; _Alloc = std::allocator<Timer*>]	40	static
../Core/Src/main.cpp:160:5:int main()	264	static,ignoring_inline_asm
../Core/Src/main.cpp:454:1:cpp)	40	static
