../Core/Src/StepperMotorDriver.cpp:4:1:StepperMotorDriver::StepperMotorDriver(GPIO_TypeDef*, uint16_t, GPIO_TypeDef*, uint16_t, GPIO_TypeDef*, uint16_t, float, float)	8	static
../Core/Src/StepperMotorDriver.cpp:41:6:void StepperMotorDriver::SetDirection(bool)	0	static
../Core/Src/StepperMotorDriver.cpp:47:6:void StepperMotorDriver::SetMaxSpeed(float)	0	static
../Core/Src/StepperMotorDriver.cpp:52:6:void StepperMotorDriver::SetAcceleration(float)	0	static
../Core/Src/StepperMotorDriver.cpp:57:6:void StepperMotorDriver::SetJerk(float)	0	static
../Core/Src/StepperMotorDriver.cpp:62:6:void StepperMotorDriver::SetStepsPerRevolution(float)	0	static
../Core/Src/StepperMotorDriver.cpp:68:6:void StepperMotorDriver::SetMmPerRevolution(float)	0	static
../Core/Src/StepperMotorDriver.cpp:113:6:void StepperMotorDriver::EnableOutput(bool)	0	static
../Core/Src/StepperMotorDriver.cpp:33:6:void StepperMotorDriver::Init()	8	static
../Core/Src/StepperMotorDriver.cpp:86:6:void StepperMotorDriver::StartMotion(float)	8	static
../Core/Src/StepperMotorDriver.cpp:74:6:void StepperMotorDriver::StartAbs(float)	0	static
../Core/Src/StepperMotorDriver.cpp:80:6:void StepperMotorDriver::StartRel(float)	0	static
../Core/Src/StepperMotorDriver.cpp:104:6:void StepperMotorDriver::Stop()	0	static
../Core/Src/StepperMotorDriver.cpp:118:6:void StepperMotorDriver::StepPulse()	16	static,ignoring_inline_asm
../Core/Src/StepperMotorDriver.cpp:125:6:void StepperMotorDriver::UpdateMotionProfile()	24	static
../Core/Src/StepperMotorDriver.cpp:274:6:void StepperMotorDriver::OnTimerTick()	16	static
