../Core/Src/StepperMotorDriver.cpp:3:1:StepperMotorDriver::StepperMotorDriver(GPIO_TypeDef*, uint16_t, GPIO_TypeDef*, uint16_t, GPIO_TypeDef*, uint16_t, uint16_t)	8	static
../Core/Src/StepperMotorDriver.cpp:28:6:void StepperMotorDriver::SetDirection(bool)	0	static
../Core/Src/StepperMotorDriver.cpp:34:6:void StepperMotorDriver::SetDivider(uint16_t)	0	static
../Core/Src/StepperMotorDriver.cpp:39:6:void StepperMotorDriver::EnableOutput(bool)	0	static
../Core/Src/StepperMotorDriver.cpp:20:6:void StepperMotorDriver::Init()	8	static
../Core/Src/StepperMotorDriver.cpp:45:6:void StepperMotorDriver::Start()	0	static
../Core/Src/StepperMotorDriver.cpp:52:6:void StepperMotorDriver::Stop()	0	static
../Core/Src/StepperMotorDriver.cpp:58:6:void StepperMotorDriver::StepPulse()	16	static,ignoring_inline_asm
../Core/Src/StepperMotorDriver.cpp:65:6:void StepperMotorDriver::OnTimerTick()	0	static
