../Core/Src/StepperMotorDriver.cpp:4:1:StepperMotorDriver::StepperMotorDriver(GPIO_TypeDef*, uint16_t, GPIO_TypeDef*, uint16_t, GPIO_TypeDef*, uint16_t, float, float)	0	static
../Core/Src/StepperMotorDriver.cpp:51:6:void StepperMotorDriver::SetDirection(bool)	0	static
../Core/Src/StepperMotorDriver.cpp:57:6:void StepperMotorDriver::SetMaxSpeed(float)	0	static
../Core/Src/StepperMotorDriver.cpp:62:6:void StepperMotorDriver::SetAcceleration(float)	0	static
../Core/Src/StepperMotorDriver.cpp:67:6:void StepperMotorDriver::SetJerk(float)	0	static
../Core/Src/StepperMotorDriver.cpp:72:6:void StepperMotorDriver::SetStepsPerRevolution(float)	0	static
../Core/Src/StepperMotorDriver.cpp:78:6:void StepperMotorDriver::SetMmPerRevolution(float)	0	static
../Core/Src/StepperMotorDriver.cpp:84:6:void StepperMotorDriver::SetEndswitch(StepperPosition, GPIO_TypeDef*, uint16_t)	8	static
../Core/Src/StepperMotorDriver.cpp:95:6:void StepperMotorDriver::SetPositionState(StepperPosition, PositionState)	0	static
../Core/Src/StepperMotorDriver.cpp:105:15:PositionState StepperMotorDriver::GetPositionState(StepperPosition) const	0	static
../Core/Src/StepperMotorDriver.cpp:115:6:bool StepperMotorDriver::IsPositionOccupied(StepperPosition) const	8	static
../Core/Src/StepperMotorDriver.cpp:127:6:void StepperMotorDriver::UpdateEndswitches()	16	static
../Core/Src/StepperMotorDriver.cpp:149:6:void StepperMotorDriver::CheckLoadedCondition()	8	static
../Core/Src/StepperMotorDriver.cpp:252:6:void StepperMotorDriver::EnableOutput(bool)	0	static
../Core/Src/StepperMotorDriver.cpp:43:6:void StepperMotorDriver::Init()	8	static
../Core/Src/StepperMotorDriver.cpp:223:6:void StepperMotorDriver::StartMotion(float)	8	static
../Core/Src/StepperMotorDriver.cpp:171:6:void StepperMotorDriver::StartAbs(float)	0	static
../Core/Src/StepperMotorDriver.cpp:197:6:void StepperMotorDriver::StartRel(float)	0	static
../Core/Src/StepperMotorDriver.cpp:242:6:void StepperMotorDriver::Stop()	0	static
../Core/Src/StepperMotorDriver.cpp:257:6:void StepperMotorDriver::StepPulse()	16	static,ignoring_inline_asm
../Core/Src/StepperMotorDriver.cpp:264:6:void StepperMotorDriver::UpdateMotionProfile()	64	static
../Core/Src/StepperMotorDriver.cpp:472:6:void StepperMotorDriver::OnTimerTick()	16	static
