../Core/Src/main.cpp:64:6:void HAL_TIM_PeriodElapsedCallback(TIM_HandleTypeDef*)	24	static
../Core/Src/main.cpp:85:6:void InitSteppers()	8	static
../Core/Src/main.cpp:103:5:int main()	16	static
../Core/Src/main.cpp:154:6:void SystemClock_Config()	72	static
../Core/Src/main.cpp:194:13:void MX_TIM2_Init()	40	static
../Core/Src/main.cpp:239:13:void MX_USART2_UART_Init()	8	static
../Core/Src/main.cpp:274:13:void MX_GPIO_Init()	48	static
../Core/Src/main.cpp:316:6:void Error_Handler()	4	static,ignoring_inline_asm
../Core/Src/main.cpp:325:1:void __static_initialization_and_destruction_0()	24	static
../Core/Src/main.cpp:325:1:cpp)	8	static
